Product: MDK-ARM Professional 5.10
Component: ARM Compiler 5.04 update 1 (build 49)
Tool: armlink [5040049]

==============================================================================

Section Cross References

    main.o(.text) refers to memseta.o(.text) for __aeabi_memclr4
    main.o(.text) refers to myinit.o(.text) for ALL_init
    main.o(.text) refers to printfa.o(i.__0printf) for __2printf
    main.o(.text) refers to strstr.o(.text) for strstr
    main.o(.text) refers to delay.o(.text) for delay_ms
    main.o(.text) refers to stm32f10x_dma.o(.text) for DMA_GetITStatus
    main.o(.text) refers to printfa.o(i.__0sprintf) for __2sprintf
    main.o(.text) refers to dma.o(.text) for DMAx_Enable
    main.o(.text) refers to tasks.o(.text) for vTaskDelay
    main.o(.text) refers to main.o(.data) for Uart2_Buf
    main.o(.data) refers to main.o(.conststring) for .conststring
    stm32f10x_it.o(.text) refers to stm32f10x_rtc.o(.text) for RTC_GetFlagStatus
    stm32f10x_it.o(.text) refers to stm32f10x_exti.o(.text) for EXTI_ClearITPendingBit
    stm32f10x_it.o(.text) refers to stm32f10x_pwr.o(.text) for PWR_GetFlagStatus
    stm32f10x_it.o(.text) refers to system_stm32f10x.o(.text) for SystemInit
    stm32f10x_it.o(.text) refers to stm32f10x_it.o(.data) for flag1
    system_stm32f10x.o(.text) refers to system_stm32f10x.o(.data) for SystemCoreClock
    key.o(.text) refers to stm32f10x_rcc.o(.text) for RCC_APB2PeriphClockCmd
    key.o(.text) refers to stm32f10x_gpio.o(.text) for GPIO_Init
    key.o(.text) refers to delay.o(.text) for delay_ms
    key.o(.text) refers to key.o(.data) for key_up
    led.o(.text) refers to stm32f10x_rcc.o(.text) for RCC_APB2PeriphClockCmd
    led.o(.text) refers to stm32f10x_gpio.o(.text) for GPIO_Init
    delay.o(.text) refers to misc.o(.text) for SysTick_CLKSourceConfig
    delay.o(.text) refers to system_stm32f10x.o(.data) for SystemCoreClock
    delay.o(.text) refers to delay.o(.data) for fac_us
    usart.o(.text) refers to stm32f10x_rcc.o(.text) for RCC_APB2PeriphClockCmd
    usart.o(.text) refers to stm32f10x_gpio.o(.text) for GPIO_Init
    usart.o(.text) refers to misc.o(.text) for NVIC_Init
    usart.o(.text) refers to stm32f10x_usart.o(.text) for USART_Init
    usart.o(.text) refers to delay.o(.text) for delay_ms
    usart.o(.text) refers to usart.o(.data) for ucount
    timer.o(.text) refers to stm32f10x_tim.o(.text) for TIM_TimeBaseInit
    timer.o(.text) refers to stm32f10x_rcc.o(.text) for RCC_APB1PeriphClockCmd
    timer.o(.text) refers to stm32f10x_gpio.o(.text) for GPIO_Init
    myinit.o(.text) refers to stm32f10x_gpio.o(.text) for GPIO_Init
    myinit.o(.text) refers to stm32f10x_rcc.o(.text) for RCC_APB2PeriphClockCmd
    myinit.o(.text) refers to system_stm32f10x.o(.text) for SystemInit
    myinit.o(.text) refers to delay.o(.text) for delay_init
    myinit.o(.text) refers to usart.o(.text) for USARTInit
    myinit.o(.text) refers to can.o(.text) for CANInit
    myinit.o(.text) refers to stm32f10x_exti.o(.text) for EXTI_Init
    myinit.o(.text) refers to system_stm32f10x.o(.data) for SystemCoreClock
    adc.o(.text) refers to stm32f10x_adc.o(.text) for ADC_DeInit
    pwr.o(.text) refers to stm32f10x_rcc.o(.text) for RCC_APB1PeriphClockCmd
    pwr.o(.text) refers to stm32f10x_pwr.o(.text) for PWR_WakeUpPinCmd
    pwr.o(.text) refers to stm32f10x_usart.o(.text) for USART_DeInit
    pwr.o(.text) refers to stm32f10x_adc.o(.text) for ADC_DeInit
    rtc.o(.text) refers to stm32f10x_rcc.o(.text) for RCC_APB1PeriphClockCmd
    rtc.o(.text) refers to stm32f10x_pwr.o(.text) for PWR_BackupAccessCmd
    rtc.o(.text) refers to stm32f10x_bkp.o(.text) for BKP_ReadBackupRegister
    rtc.o(.text) refers to delay.o(.text) for delay_ms
    rtc.o(.text) refers to stm32f10x_rtc.o(.text) for RTC_WaitForLastTask
    rtc.o(.text) refers to rtc.o(.data) for StartTime
    rtc.o(.text) refers to rtc.o(.constdata) for mon_table
    nvic.o(.text) refers to misc.o(.text) for NVIC_PriorityGroupConfig
    nvic.o(.text) refers to stm32f10x_dma.o(.text) for DMA_ClearFlag
    ee_iic.o(.text) refers to stm32f10x_rcc.o(.text) for RCC_APB1PeriphClockCmd
    ee_iic.o(.text) refers to myinit.o(.text) for GPIOInit
    ee_iic.o(.text) refers to stm32f10x_i2c.o(.text) for I2C_Init
    ee_iic.o(.text) refers to delay.o(.text) for delay_ms
    flash_spi.o(.text) refers to stm32f10x_gpio.o(.text) for GPIO_ResetBits
    flash_spi.o(.text) refers to spi.o(.text) for SPI_ReadWriteByte
    flash_spi.o(.text) refers to delay.o(.text) for delay_us
    spi.o(.text) refers to stm32f10x_rcc.o(.text) for RCC_APB2PeriphClockCmd
    spi.o(.text) refers to stm32f10x_gpio.o(.text) for GPIO_Init
    spi.o(.text) refers to stm32f10x_spi.o(.text) for SPI_Init
    gps.o(.rev16_text) refers (Special) to dadd.o(.text) for __aeabi_drsub
    gps.o(.revsh_text) refers (Special) to dadd.o(.text) for __aeabi_drsub
    gps.o(.text) refers (Special) to dadd.o(.text) for __aeabi_drsub
[...]
    dfixi.o(.text) refers (Special) to iusefp.o(.text) for __I$use$fp
    dfixi.o(.text) refers to llushr.o(.text) for __aeabi_llsr
    f2d.o(.text) refers (Special) to iusefp.o(.text) for __I$use$fp
    cdcmple.o(.text) refers (Special) to iusefp.o(.text) for __I$use$fp
    d2f.o(.text) refers (Special) to iusefp.o(.text) for __I$use$fp
    d2f.o(.text) refers to fepilogue.o(.text) for _float_round
    cfcmple.o(.text) refers (Special) to iusefp.o(.text) for __I$use$fp
    entry2.o(.ARM.Collect$$$$00000001) refers to entry2.o(.ARM.Collect$$$$00002712) for __lit__00000000
    entry2.o(.ARM.Collect$$$$00002712) refers to startup_stm32f10x_md.o(STACK) for __initial_sp
    entry2.o(__vectab_stack_and_reset_area) refers to startup_stm32f10x_md.o(STACK) for __initial_sp
    entry2.o(__vectab_stack_and_reset_area) refers to entry.o(.ARM.Collect$$$$00000000) for __main
    entry5.o(.ARM.Collect$$$$00000004) refers to init.o(.text) for __scatterload
    entry9a.o(.ARM.Collect$$$$0000000B) refers to main.o(.text) for main
    entry9b.o(.ARM.Collect$$$$0000000C) refers to main.o(.text) for main
    uldiv.o(.text) refers to llushr.o(.text) for __aeabi_llsr
    uldiv.o(.text) refers to llshl.o(.text) for __aeabi_llsl
    depilogue.o(.text) refers to llshl.o(.text) for __aeabi_llsl
    depilogue.o(.text) refers to llushr.o(.text) for __aeabi_llsr
    dfixul.o(.text) refers to llushr.o(.text) for __aeabi_llsr
    dfixul.o(.text) refers to llshl.o(.text) for __aeabi_llsl
    init.o(.text) refers to entry5.o(.ARM.Collect$$$$00000004) for __main_after_scatterload


==============================================================================

Removing Unused input sections from the image.

    Removing main.o(.rev16_text), (4 bytes).
    Removing main.o(.revsh_text), (4 bytes).
    Removing main.o(.bss), (344 bytes).
    Removing stm32f10x_it.o(.rev16_text), (4 bytes).
    Removing stm32f10x_it.o(.revsh_text), (4 bytes).
    Removing system_stm32f10x.o(.rev16_text), (4 bytes).
    Removing system_stm32f10x.o(.revsh_text), (4 bytes).
    Removing key.o(.rev16_text), (4 bytes).
    Removing key.o(.revsh_text), (4 bytes).
    Removing key.o(.text), (252 bytes).
    Removing key.o(.data), (1 bytes).
    Removing led.o(.rev16_text), (4 bytes).
    Removing led.o(.revsh_text), (4 bytes).
    Removing led.o(.text), (76 bytes).
    Removing delay.o(.rev16_text), (4 bytes).
    Removing delay.o(.revsh_text), (4 bytes).
    Removing usart.o(.rev16_text), (4 bytes).
    Removing usart.o(.revsh_text), (4 bytes).
    Removing usart.o(.bss), (200 bytes).
    Removing timer.o(.rev16_text), (4 bytes).
    Removing timer.o(.revsh_text), (4 bytes).
    Removing timer.o(.text), (388 bytes).
    Removing sys.o(.rev16_text), (4 bytes).
    Removing sys.o(.revsh_text), (4 bytes).
    Removing myinit.o(.rev16_text), (4 bytes).
    Removing myinit.o(.revsh_text), (4 bytes).
    Removing adc.o(.rev16_text), (4 bytes).
    Removing adc.o(.revsh_text), (4 bytes).
    Removing adc.o(.text), (208 bytes).
    Removing pwr.o(.rev16_text), (4 bytes).
    Removing pwr.o(.revsh_text), (4 bytes).
    Removing pwr.o(.text), (100 bytes).
    Removing rtc.o(.rev16_text), (4 bytes).
    Removing rtc.o(.revsh_text), (4 bytes).
    Removing rtc.o(.text), (1032 bytes).
    Removing rtc.o(.constdata), (24 bytes).
    Removing rtc.o(.data), (10 bytes).
    Removing nvic.o(.rev16_text), (4 bytes).
    Removing nvic.o(.revsh_text), (4 bytes).
    Removing nvic.o(.text), (88 bytes).
    Removing ee_iic.o(.rev16_text), (4 bytes).
    Removing ee_iic.o(.revsh_text), (4 bytes).
    Removing ee_iic.o(.text), (808 bytes).
    Removing flash_spi.o(.rev16_text), (4 bytes).
    Removing flash_spi.o(.revsh_text), (4 bytes).
    Removing flash_spi.o(.text), (1024 bytes).
    Removing spi.o(.rev16_text), (4 bytes).
    Removing spi.o(.revsh_text), (4 bytes).
    Removing spi.o(.text), (420 bytes).
    Removing gps.o(.rev16_text), (4 bytes).
    Removing gps.o(.revsh_text), (4 bytes).
    Removing gps.o(.text), (1622 bytes).
    Removing gps.o(.data), (15 bytes).
    Removing stmflash.o(.rev16_text), (4 bytes).
    Removing stmflash.o(.revsh_text), (4 bytes).
    Removing stmflash.o(.text), (324 bytes).
    Removing stmflash.o(.bss), (1024 bytes).
    Removing dma.o(.rev16_text), (4 bytes).
    Removing dma.o(.revsh_text), (4 bytes).
    Removing sim900a.o(.rev16_text), (4 bytes).
    Removing sim900a.o(.revsh_text), (4 bytes).
    Removing sim900a.o(.text), (3056 bytes).
    Removing sim900a.o(.constdata), (544 bytes).
    Removing sim900a.o(.conststring), (140 bytes).
    Removing sim900a.o(.data), (12 bytes).
    Removing can.o(.rev16_text), (4 bytes).
    Removing can.o(.revsh_text), (4 bytes).
    Removing misc.o(.rev16_text), (4 bytes).
    Removing misc.o(.revsh_text), (4 bytes).
    Removing stm32f10x_adc.o(.rev16_text), (4 bytes).
    Removing stm32f10x_adc.o(.revsh_text), (4 bytes).
    Removing stm32f10x_bkp.o(.rev16_text), (4 bytes).
    Removing stm32f10x_bkp.o(.revsh_text), (4 bytes).
    Removing stm32f10x_bkp.o(.text), (196 bytes).
    Removing stm32f10x_can.o(.rev16_text), (4 bytes).
    Removing stm32f10x_can.o(.revsh_text), (4 bytes).
    Removing stm32f10x_cec.o(.rev16_text), (4 bytes).
    Removing stm32f10x_cec.o(.revsh_text), (4 bytes).
    Removing stm32f10x_cec.o(.text), (288 bytes).
    Removing stm32f10x_crc.o(.rev16_text), (4 bytes).
    Removing stm32f10x_crc.o(.revsh_text), (4 bytes).
    Removing stm32f10x_crc.o(.text), (72 bytes).
    Removing stm32f10x_dac.o(.rev16_text), (4 bytes).
    Removing stm32f10x_dac.o(.revsh_text), (4 bytes).
    Removing stm32f10x_dac.o(.text), (396 bytes).
    Removing stm32f10x_dbgmcu.o(.rev16_text), (4 bytes).
    Removing stm32f10x_dbgmcu.o(.revsh_text), (4 bytes).
    Removing stm32f10x_dbgmcu.o(.text), (48 bytes).
    Removing stm32f10x_dma.o(.rev16_text), (4 bytes).
    Removing stm32f10x_dma.o(.revsh_text), (4 bytes).
    Removing stm32f10x_exti.o(.rev16_text), (4 bytes).
    Removing stm32f10x_exti.o(.revsh_text), (4 bytes).
    Removing stm32f10x_flash.o(.rev16_text), (4 bytes).
    Removing stm32f10x_flash.o(.revsh_text), (4 bytes).
    Removing stm32f10x_flash.o(.text), (1468 bytes).
    Removing stm32f10x_fsmc.o(.rev16_text), (4 bytes).
    Removing stm32f10x_fsmc.o(.revsh_text), (4 bytes).
    Removing stm32f10x_fsmc.o(.text), (1548 bytes).
    Removing stm32f10x_gpio.o(.rev16_text), (4 bytes).
    Removing stm32f10x_gpio.o(.revsh_text), (4 bytes).
    Removing stm32f10x_i2c.o(.rev16_text), (4 bytes).
    Removing stm32f10x_i2c.o(.revsh_text), (4 bytes).
    Removing stm32f10x_i2c.o(.text), (1028 bytes).
    Removing stm32f10x_iwdg.o(.rev16_text), (4 bytes).
    Removing stm32f10x_iwdg.o(.revsh_text), (4 bytes).
    Removing stm32f10x_iwdg.o(.text), (64 bytes).
    Removing stm32f10x_pwr.o(.rev16_text), (4 bytes).
    Removing stm32f10x_pwr.o(.revsh_text), (4 bytes).
    Removing stm32f10x_rcc.o(.rev16_text), (4 bytes).
    Removing stm32f10x_rcc.o(.revsh_text), (4 bytes).
    Removing stm32f10x_rtc.o(.rev16_text), (4 bytes).
    Removing stm32f10x_rtc.o(.revsh_text), (4 bytes).
    Removing stm32f10x_sdio.o(.rev16_text), (4 bytes).
    Removing stm32f10x_sdio.o(.revsh_text), (4 bytes).
    Removing stm32f10x_sdio.o(.text), (468 bytes).
    Removing stm32f10x_spi.o(.rev16_text), (4 bytes).
    Removing stm32f10x_spi.o(.revsh_text), (4 bytes).
    Removing stm32f10x_spi.o(.text), (780 bytes).
    Removing stm32f10x_tim.o(.rev16_text), (4 bytes).
    Removing stm32f10x_tim.o(.revsh_text), (4 bytes).
    Removing stm32f10x_tim.o(.text), (3610 bytes).
    Removing stm32f10x_usart.o(.rev16_text), (4 bytes).
    Removing stm32f10x_usart.o(.revsh_text), (4 bytes).
    Removing stm32f10x_wwdg.o(.rev16_text), (4 bytes).
    Removing stm32f10x_wwdg.o(.revsh_text), (4 bytes).
    Removing stm32f10x_wwdg.o(.text), (136 bytes).
    Removing core_cm3.o(.emb_text), (32 bytes).
    Removing startup_stm32f10x_md.o(HEAP), (512 bytes).
    Removing croutine.o(.text), (740 bytes).
    Removing croutine.o(.bss), (100 bytes).
    Removing croutine.o(.data), (28 bytes).
    Removing queue.o(.text), (1352 bytes).
    Removing queue.o(.bss), (80 bytes).
    Removing fadd.o(.text), (176 bytes).
    Removing fmul.o(.text), (100 bytes).
    Removing fdiv.o(.text), (124 bytes).
    Removing fflti.o(.text), (18 bytes).
    Removing dflti.o(.text), (34 bytes).
    Removing ffixi.o(.text), (50 bytes).
    Removing dfixi.o(.text), (62 bytes).
    Removing f2d.o(.text), (38 bytes).
    Removing cdcmple.o(.text), (40 bytes).
    Removing d2f.o(.text), (56 bytes).
    Removing cfcmple.o(.text), (20 bytes).
    Removing fepilogue.o(.text), (110 bytes).

145 unused section(s) (total 25846 bytes) removed from the image.

==============================================================================

Image Symbol Table

    Local Symbols

    Symbol Name                              Value     Ov Type        Size  Object(Section)

    ../clib/microlib/division.c              0x00000000   Number         0  uidiv.o ABSOLUTE
    ../clib/microlib/division.c              0x00000000   Number         0  uldiv.o ABSOLUTE
    ../clib/microlib/init/entry.s            0x00000000   Number         0  entry11b.o ABSOLUTE
    ../clib/microlib/init/entry.s            0x00000000   Number         0  entry11a.o ABSOLUTE
    ../clib/microlib/init/entry.s            0x00000000   Number         0  entry8a.o ABSOLUTE
    ../clib/microlib/init/entry.s            0x00000000   Number         0  entry7b.o ABSOLUTE
    ../clib/microlib/init/entry.s            0x00000000   Number         0  entry10a.o ABSOLUTE
    ../clib/microlib/init/entry.s            0x00000000   Number         0  entry2.o ABSOLUTE
    ../clib/microlib/init/entry.s            0x00000000   Number         0  entry9b.o ABSOLUTE
    ../clib/microlib/init/entry.s            0x00000000   Number         0  entry9a.o ABSOLUTE
    ../clib/microlib/init/entry.s            0x00000000   Number         0  entry7a.o ABSOLUTE
    ../clib/microlib/init/entry.s            0x00000000   Number         0  entry10b.o ABSOLUTE
    ../clib/microlib/init/entry.s            0x00000000   Number         0  entry5.o ABSOLUTE
    ../clib/microlib/init/entry.s            0x00000000   Number         0  entry.o ABSOLUTE
    ../clib/microlib/init/entry.s            0x00000000   Number         0  entry8b.o ABSOLUTE
    ../clib/microlib/longlong.c              0x00000000   Number         0  llushr.o ABSOLUTE
    ../clib/microlib/longlong.c              0x00000000   Number         0  llshl.o ABSOLUTE
    ../clib/microlib/longlong.c              0x00000000   Number         0  llsshr.o ABSOLUTE
    ../clib/microlib/printf/printf.c         0x00000000   Number         0  printfa.o ABSOLUTE
    ../clib/microlib/printf/printf.c         0x00000000   Number         0  printf4.o ABSOLUTE
    ../clib/microlib/printf/printf.c         0x00000000   Number         0  printf3.o ABSOLUTE
    ../clib/microlib/printf/printf.c         0x00000000   Number         0  printf1.o ABSOLUTE
    ../clib/microlib/printf/printf.c         0x00000000   Number         0  printf0.o ABSOLUTE
    ../clib/microlib/printf/printf.c         0x00000000   Number         0  printf7.o ABSOLUTE
    ../clib/microlib/printf/printf.c         0x00000000   Number         0  printf8.o ABSOLUTE
    ../clib/microlib/printf/printf.c         0x00000000   Number         0  printf5.o ABSOLUTE
    ../clib/microlib/printf/printf.c         0x00000000   Number         0  printf6.o ABSOLUTE
    ../clib/microlib/printf/printf.c         0x00000000   Number         0  printf2.o ABSOLUTE
    ../clib/microlib/printf/printf.c         0x00000000   Number         0  printfb.o ABSOLUTE
    ../clib/microlib/printf/stubs.s          0x00000000   Number         0  stubs.o ABSOLUTE
    ../clib/microlib/string/memcpy.c         0x00000000   Number         0  memcpyb.o ABSOLUTE
    ../clib/microlib/string/memcpy.c         0x00000000   Number         0  memcpya.o ABSOLUTE
    ../clib/microlib/string/memset.c         0x00000000   Number         0  memseta.o ABSOLUTE
    ../clib/microlib/string/strcat.c         0x00000000   Number         0  strcat.o ABSOLUTE
    ../clib/microlib/string/strlen.c         0x00000000   Number         0  strlen.o ABSOLUTE
    ../clib/microlib/string/strncpy.c        0x00000000   Number         0  strncpy.o ABSOLUTE
    ../clib/microlib/string/strstr.c         0x00000000   Number         0  strstr.o ABSOLUTE
    ../clib/microlib/stubs.s                 0x00000000   Number         0  iusefp.o ABSOLUTE
    ../clib/microlib/stubs.s                 0x00000000   Number         0  useno.o ABSOLUTE
    ../fplib/microlib/d2f.c                  0x00000000   Number         0  d2f.o ABSOLUTE
    ../fplib/microlib/f2d.c                  0x00000000   Number         0  f2d.o ABSOLUTE
    ../fplib/microlib/fpadd.c                0x00000000   Number         0  dadd.o ABSOLUTE
    ../fplib/microlib/fpadd.c                0x00000000   Number         0  fadd.o ABSOLUTE
    ../fplib/microlib/fpdiv.c                0x00000000   Number         0  fdiv.o ABSOLUTE
    ../fplib/microlib/fpdiv.c                0x00000000   Number         0  ddiv.o ABSOLUTE
    ../fplib/microlib/fpepilogue.c           0x00000000   Number         0  depilogue.o ABSOLUTE
    ../fplib/microlib/fpepilogue.c           0x00000000   Number         0  fepilogue.o ABSOLUTE
    ../fplib/microlib/fpfix.c                0x00000000   Number         0  dfixul.o ABSOLUTE
    ../fplib/microlib/fpfix.c                0x00000000   Number         0  ffixi.o ABSOLUTE
    ../fplib/microlib/fpfix.c                0x00000000   Number         0  dfixi.o ABSOLUTE
    ../fplib/microlib/fpflt.c                0x00000000   Number         0  dflti.o ABSOLUTE
    ../fplib/microlib/fpflt.c                0x00000000   Number         0  fflti.o ABSOLUTE
    ../fplib/microlib/fpmul.c                0x00000000   Number         0  dmul.o ABSOLUTE
    ../fplib/microlib/fpmul.c                0x00000000   Number         0  fmul.o ABSOLUTE
    ..\FreeRTOS\croutine.c                   0x00000000   Number         0  croutine.o ABSOLUTE
    ..\FreeRTOS\heap_2.c                     0x00000000   Number         0  heap_2.o ABSOLUTE
    ..\FreeRTOS\list.c                       0x00000000   Number         0  list.o ABSOLUTE
    ..\FreeRTOS\port.c                       0x00000000   Number         0  port.o ABSOLUTE
    ..\FreeRTOS\queue.c                      0x00000000   Number         0  queue.o ABSOLUTE
    ..\FreeRTOS\tasks.c                      0x00000000   Number         0  tasks.o ABSOLUTE
    ..\FreeRTOS\timers.c                     0x00000000   Number         0  timers.o ABSOLUTE
    ..\\FreeRTOS\\port.c                     0x00000000   Number         0  port.o ABSOLUTE
    ..\\core\\core_cm3.c                     0x00000000   Number         0  core_cm3.o ABSOLUTE
    ..\\self_lib\\ADC\\adc.c                 0x00000000   Number         0  adc.o ABSOLUTE
    ..\\self_lib\\CAN\\can.c                 0x00000000   Number         0  can.o ABSOLUTE
    ..\\self_lib\\DMA\\dma.c                 0x00000000   Number         0  dma.o ABSOLUTE
    ..\\self_lib\\EE_IIC\\ee_iic.c           0x00000000   Number         0  ee_iic.o ABSOLUTE
    ..\\self_lib\\FLASH_SPI\\flash_spi.c     0x00000000   Number         0  flash_spi.o ABSOLUTE
    ..\\self_lib\\GPS\\GPS.c                 0x00000000   Number         0  gps.o ABSOLUTE
    ..\\self_lib\\KEY\\key.c                 0x00000000   Number         0  key.o ABSOLUTE
    ..\\self_lib\\LED\\led.c                 0x00000000   Number         0  led.o ABSOLUTE
    ..\\self_lib\\MyInit\\MyInit.c           0x00000000   Number         0  myinit.o ABSOLUTE
    ..\\self_lib\\NVIC\\nvic.c               0x00000000   Number         0  nvic.o ABSOLUTE
    ..\\self_lib\\PWR\\pwr.c                 0x00000000   Number         0  pwr.o ABSOLUTE
    ..\\self_lib\\RTC\\rtc.c                 0x00000000   Number         0  rtc.o ABSOLUTE
    ..\\self_lib\\SIM900A\\sim900a.c         0x00000000   Number         0  sim900a.o ABSOLUTE
    ..\\self_lib\\SPI\\spi.c                 0x00000000   Number         0  spi.o ABSOLUTE
    ..\\self_lib\\STMFLASH\\stmflash.c       0x00000000   Number         0  stmflash.o ABSOLUTE
    ..\\self_lib\\TIMER\\timer.c             0x00000000   Number         0  timer.o ABSOLUTE
    ..\\self_lib\\delay\\delay.c             0x00000000   Number         0  delay.o ABSOLUTE
    ..\\self_lib\\sys\\sys.c                 0x00000000   Number         0  sys.o ABSOLUTE
    ..\\self_lib\\usart\\usart.c             0x00000000   Number         0  usart.o ABSOLUTE
    ..\\stm32f10x_lib\\src\\misc.c           0x00000000   Number         0  misc.o ABSOLUTE
    ..\\stm32f10x_lib\\src\\stm32f10x_adc.c  0x00000000   Number         0  stm32f10x_adc.o ABSOLUTE
    ..\\stm32f10x_lib\\src\\stm32f10x_bkp.c  0x00000000   Number         0  stm32f10x_bkp.o ABSOLUTE
    ..\\stm32f10x_lib\\src\\stm32f10x_can.c  0x00000000   Number         0  stm32f10x_can.o ABSOLUTE
    ..\\stm32f10x_lib\\src\\stm32f10x_cec.c  0x00000000   Number         0  stm32f10x_cec.o ABSOLUTE
    ..\\stm32f10x_lib\\src\\stm32f10x_crc.c  0x00000000   Number         0  stm32f10x_crc.o ABSOLUTE
    ..\\stm32f10x_lib\\src\\stm32f10x_dac.c  0x00000000   Number         0  stm32f10x_dac.o ABSOLUTE
    ..\\stm32f10x_lib\\src\\stm32f10x_dbgmcu.c 0x00000000   Number         0  stm32f10x_dbgmcu.o ABSOLUTE
    ..\\stm32f10x_lib\\src\\stm32f10x_dma.c  0x00000000   Number         0  stm32f10x_dma.o ABSOLUTE
    ..\\stm32f10x_lib\\src\\stm32f10x_exti.c 0x00000000   Number         0  stm32f10x_exti.o ABSOLUTE
    ..\\stm32f10x_lib\\src\\stm32f10x_flash.c 0x00000000   Number         0  stm32f10x_flash.o ABSOLUTE
    ..\\stm32f10x_lib\\src\\stm32f10x_fsmc.c 0x00000000   Number         0  stm32f10x_fsmc.o ABSOLUTE
    ..\\stm32f10x_lib\\src\\stm32f10x_gpio.c 0x00000000   Number         0  stm32f10x_gpio.o ABSOLUTE
    ..\\stm32f10x_lib\\src\\stm32f10x_i2c.c  0x00000000   Number         0  stm32f10x_i2c.o ABSOLUTE
    ..\\stm32f10x_lib\\src\\stm32f10x_iwdg.c 0x00000000   Number         0  stm32f10x_iwdg.o ABSOLUTE
    ..\\stm32f10x_lib\\src\\stm32f10x_pwr.c  0x00000000   Number         0  stm32f10x_pwr.o ABSOLUTE
    ..\\stm32f10x_lib\\src\\stm32f10x_rcc.c  0x00000000   Number         0  stm32f10x_rcc.o ABSOLUTE
    ..\\stm32f10x_lib\\src\\stm32f10x_rtc.c  0x00000000   Number         0  stm32f10x_rtc.o ABSOLUTE
    ..\\stm32f10x_lib\\src\\stm32f10x_sdio.c 0x00000000   Number         0  stm32f10x_sdio.o ABSOLUTE
    ..\\stm32f10x_lib\\src\\stm32f10x_spi.c  0x00000000   Number         0  stm32f10x_spi.o ABSOLUTE
    ..\\stm32f10x_lib\\src\\stm32f10x_tim.c  0x00000000   Number         0  stm32f10x_tim.o ABSOLUTE
    ..\\stm32f10x_lib\\src\\stm32f10x_usart.c 0x00000000   Number         0  stm32f10x_usart.o ABSOLUTE
    ..\\stm32f10x_lib\\src\\stm32f10x_wwdg.c 0x00000000   Number         0  stm32f10x_wwdg.o ABSOLUTE
    ..\core\core_cm3.c                       0x00000000   Number         0  core_cm3.o ABSOLUTE
    ..\core\startup_stm32f10x_md.s           0x00000000   Number         0  startup_stm32f10x_md.o ABSOLUTE
    ..\self_lib\ADC\adc.c                    0x00000000   Number         0  adc.o ABSOLUTE
    ..\self_lib\CAN\can.c                    0x00000000   Number         0  can.o ABSOLUTE
    ..\self_lib\DMA\dma.c                    0x00000000   Number         0  dma.o ABSOLUTE
    ..\self_lib\EE_IIC\ee_iic.c              0x00000000   Number         0  ee_iic.o ABSOLUTE
    ..\self_lib\FLASH_SPI\flash_spi.c        0x00000000   Number         0  flash_spi.o ABSOLUTE
    ..\self_lib\GPS\GPS.c                    0x00000000   Number         0  gps.o ABSOLUTE
    ..\self_lib\KEY\key.c                    0x00000000   Number         0  key.o ABSOLUTE
    ..\self_lib\LED\led.c                    0x00000000   Number         0  led.o ABSOLUTE
    ..\self_lib\MyInit\MyInit.c              0x00000000   Number         0  myinit.o ABSOLUTE
    ..\self_lib\NVIC\nvic.c                  0x00000000   Number         0  nvic.o ABSOLUTE
    ..\self_lib\PWR\pwr.c                    0x00000000   Number         0  pwr.o ABSOLUTE
    ..\self_lib\RTC\rtc.c                    0x00000000   Number         0  rtc.o ABSOLUTE
    ..\self_lib\SIM900A\sim900a.c            0x00000000   Number         0  sim900a.o ABSOLUTE
    ..\self_lib\SPI\spi.c                    0x00000000   Number         0  spi.o ABSOLUTE
    ..\self_lib\STMFLASH\stmflash.c          0x00000000   Number         0  stmflash.o ABSOLUTE
    ..\self_lib\TIMER\timer.c                0x00000000   Number         0  timer.o ABSOLUTE
    ..\self_lib\delay\delay.c                0x00000000   Number         0  delay.o ABSOLUTE
    ..\self_lib\sys\sys.c                    0x00000000   Number         0  sys.o ABSOLUTE
    ..\self_lib\usart\usart.c                0x00000000   Number         0  usart.o ABSOLUTE
    ..\stm32f10x_lib\src\misc.c              0x00000000   Number         0  misc.o ABSOLUTE
    ..\stm32f10x_lib\src\stm32f10x_adc.c     0x00000000   Number         0  stm32f10x_adc.o ABSOLUTE
    ..\stm32f10x_lib\src\stm32f10x_bkp.c     0x00000000   Number         0  stm32f10x_bkp.o ABSOLUTE
    ..\stm32f10x_lib\src\stm32f10x_can.c     0x00000000   Number         0  stm32f10x_can.o ABSOLUTE
    ..\stm32f10x_lib\src\stm32f10x_cec.c     0x00000000   Number         0  stm32f10x_cec.o ABSOLUTE
    ..\stm32f10x_lib\src\stm32f10x_crc.c     0x00000000   Number         0  stm32f10x_crc.o ABSOLUTE
    ..\stm32f10x_lib\src\stm32f10x_dac.c     0x00000000   Number         0  stm32f10x_dac.o ABSOLUTE
    ..\stm32f10x_lib\src\stm32f10x_dbgmcu.c  0x00000000   Number         0  stm32f10x_dbgmcu.o ABSOLUTE
    ..\stm32f10x_lib\src\stm32f10x_dma.c     0x00000000   Number         0  stm32f10x_dma.o ABSOLUTE
    ..\stm32f10x_lib\src\stm32f10x_exti.c    0x00000000   Number         0  stm32f10x_exti.o ABSOLUTE
    ..\stm32f10x_lib\src\stm32f10x_flash.c   0x00000000   Number         0  stm32f10x_flash.o ABSOLUTE
    ..\stm32f10x_lib\src\stm32f10x_fsmc.c    0x00000000   Number         0  stm32f10x_fsmc.o ABSOLUTE
    ..\stm32f10x_lib\src\stm32f10x_gpio.c    0x00000000   Number         0  stm32f10x_gpio.o ABSOLUTE
    ..\stm32f10x_lib\src\stm32f10x_i2c.c     0x00000000   Number         0  stm32f10x_i2c.o ABSOLUTE
    ..\stm32f10x_lib\src\stm32f10x_iwdg.c    0x00000000   Number         0  stm32f10x_iwdg.o ABSOLUTE
    ..\stm32f10x_lib\src\stm32f10x_pwr.c     0x00000000   Number         0  stm32f10x_pwr.o ABSOLUTE
    ..\stm32f10x_lib\src\stm32f10x_rcc.c     0x00000000   Number         0  stm32f10x_rcc.o ABSOLUTE
    ..\stm32f10x_lib\src\stm32f10x_rtc.c     0x00000000   Number         0  stm32f10x_rtc.o ABSOLUTE
    ..\stm32f10x_lib\src\stm32f10x_sdio.c    0x00000000   Number         0  stm32f10x_sdio.o ABSOLUTE
    ..\stm32f10x_lib\src\stm32f10x_spi.c     0x00000000   Number         0  stm32f10x_spi.o ABSOLUTE
    ..\stm32f10x_lib\src\stm32f10x_tim.c     0x00000000   Number         0  stm32f10x_tim.o ABSOLUTE
    ..\stm32f10x_lib\src\stm32f10x_usart.c   0x00000000   Number         0  stm32f10x_usart.o ABSOLUTE
    ..\stm32f10x_lib\src\stm32f10x_wwdg.c    0x00000000   Number         0  stm32f10x_wwdg.o ABSOLUTE
    cdcmple.s                                0x00000000   Number         0  cdcmple.o ABSOLUTE
    cdrcmple.s                               0x00000000   Number         0  cdrcmple.o ABSOLUTE
    cfcmple.s                                0x00000000   Number         0  cfcmple.o ABSOLUTE
    dc.s                                     0x00000000   Number         0  dc.o ABSOLUTE
    handlers.s                               0x00000000   Number         0  handlers.o ABSOLUTE
    init.s                                   0x00000000   Number         0  init.o ABSOLUTE
    main.c                                   0x00000000   Number         0  main.o ABSOLUTE
    main.c                                   0x00000000   Number         0  main.o ABSOLUTE
    stm32f10x_it.c                           0x00000000   Number         0  stm32f10x_it.o ABSOLUTE
    stm32f10x_it.c                           0x00000000   Number         0  stm32f10x_it.o ABSOLUTE
    system_stm32f10x.c                       0x00000000   Number         0  system_stm32f10x.o ABSOLUTE
    system_stm32f10x.c                       0x00000000   Number         0  system_stm32f10x.o ABSOLUTE
    RESET                                    0x08000000   Section      236  startup_stm32f10x_md.o(RESET)
    .ARM.Collect$$$$00000000                 0x080000ec   Section        0  entry.o(.ARM.Collect$$$$00000000)
    .ARM.Collect$$$$00000001                 0x080000ec   Section        4  entry2.o(.ARM.Collect$$$$00000001)
    .ARM.Collect$$$$00000004                 0x080000f0   Section        4  entry5.o(.ARM.Collect$$$$00000004)
    .ARM.Collect$$$$00000008                 0x080000f4   Section        0  entry7b.o(.ARM.Collect$$$$00000008)
    .ARM.Collect$$$$0000000A                 0x080000f4   Section        0  entry8b.o(.ARM.Collect$$$$0000000A)
    .ARM.Collect$$$$0000000B                 0x080000f4   Section        8  entry9a.o(.ARM.Collect$$$$0000000B)
    .ARM.Collect$$$$0000000D                 0x080000fc   Section        0  entry10a.o(.ARM.Collect$$$$0000000D)
    .ARM.Collect$$$$0000000F                 0x080000fc   Section        0  entry11a.o(.ARM.Collect$$$$0000000F)
    .ARM.Collect$$$$00002712                 0x080000fc   Section        4  entry2.o(.ARM.Collect$$$$00002712)
    __lit__00000000                          0x080000fc   Data           4  entry2.o(.ARM.Collect$$$$00002712)
    .emb_text                                0x08000100   Section      140  port.o(.emb_text)
    .text                                    0x0800018c   Section        0  main.o(.text)
    .text                                    0x080002ac   Section        0  stm32f10x_it.o(.text)
    .text                                    0x0800033c   Section        0  system_stm32f10x.o(.text)
    SetSysClockTo72                          0x0800033d   Thumb Code   214  system_stm32f10x.o(.text)
    SetSysClock                              0x08000413   Thumb Code     8  system_stm32f10x.o(.text)
    .text                                    0x0800051c   Section        0  delay.o(.text)
    .text                                    0x08000690   Section        0  usart.o(.text)
    .text                                    0x08000a48   Section        0  myinit.o(.text)
    .text                                    0x08000cac   Section        0  dma.o(.text)
    .text                                    0x08000dd4   Section        0  can.o(.text)
    .text                                    0x08000f90   Section        0  misc.o(.text)
    .text                                    0x0800106c   Section        0  stm32f10x_adc.o(.text)
    .text                                    0x080014bc   Section        0  stm32f10x_can.o(.text)
    CheckITStatus                            0x08001cbf   Thumb Code    18  stm32f10x_can.o(.text)
    .text                                    0x08001eac   Section        0  stm32f10x_dma.o(.text)
    .text                                    0x08002100   Section        0  stm32f10x_exti.o(.text)
    .text                                    0x0800221c   Section        0  stm32f10x_gpio.o(.text)
    .text                                    0x08002578   Section        0  stm32f10x_pwr.o(.text)
    .text                                    0x08002644   Section        0  stm32f10x_rcc.o(.text)
    .text                                    0x080029e8   Section        0  stm32f10x_rtc.o(.text)
    .text                                    0x08002b30   Section        0  stm32f10x_usart.o(.text)
    .text                                    0x08002f38   Section       36  startup_stm32f10x_md.o(.text)
    .text                                    0x08002f5c   Section        0  heap_2.o(.text)
    .text                                    0x08003074   Section        0  list.o(.text)
    .text                                    0x08003108   Section        0  port.o(.text)
    prvSetupTimerInterrupt                   0x08003123   Thumb Code    14  port.o(.text)
    .text                                    0x080031bc   Section        0  tasks.o(.text)
    prvInitialiseTaskLists                   0x080031bd   Thumb Code    70  tasks.o(.text)
    prvInitialiseTCBVariables                0x08003203   Thumb Code    70  tasks.o(.text)
    prvAllocateTCBAndStack                   0x08003249   Thumb Code    58  tasks.o(.text)
    prvAddCurrentTaskToDelayedList           0x08003571   Thumb Code   148  tasks.o(.text)
    prvDeleteTCB                             0x08003883   Thumb Code    18  tasks.o(.text)
    prvCheckTasksWaitingTermination          0x08003895   Thumb Code    82  tasks.o(.text)
    prvIdleTask                              0x080038e7   Thumb Code    20  tasks.o(.text)
    .text                                    0x08003ccc   Section        0  memseta.o(.text)
    .text                                    0x08003cf0   Section        0  strstr.o(.text)
    .text                                    0x08003d14   Section        0  strncpy.o(.text)
    .text                                    0x08003d2c   Section        0  dadd.o(.text)
    .text                                    0x08003e7a   Section        0  dmul.o(.text)
    .text                                    0x08003f5e   Section        0  ddiv.o(.text)
    .text                                    0x0800403c   Section        0  uidiv.o(.text)
    .text                                    0x08004068   Section        0  uldiv.o(.text)
    .text                                    0x080040ca   Section        0  llshl.o(.text)
    .text                                    0x080040e8   Section        0  llushr.o(.text)
    .text                                    0x08004108   Section        0  llsshr.o(.text)
    .text                                    0x0800412c   Section        0  depilogue.o(.text)
    .text                                    0x0800412c   Section        0  iusefp.o(.text)
    .text                                    0x080041e2   Section        0  dfixul.o(.text)
    .text                                    0x08004214   Section       40  cdrcmple.o(.text)
    .text                                    0x0800423c   Section       36  init.o(.text)
    i.__0printf                              0x08004260   Section        0  printfa.o(i.__0printf)
    i.__0sprintf                             0x08004280   Section        0  printfa.o(i.__0sprintf)
    i.__scatterload_copy                     0x080042a8   Section       14  handlers.o(i.__scatterload_copy)
    i.__scatterload_null                     0x080042b6   Section        2  handlers.o(i.__scatterload_null)
    i.__scatterload_zeroinit                 0x080042b8   Section       14  handlers.o(i.__scatterload_zeroinit)
    i._fp_digits                             0x080042c8   Section        0  printfa.o(i._fp_digits)
    _fp_digits                               0x080042c9   Thumb Code   334  printfa.o(i._fp_digits)
    i._printf_core                           0x0800442c   Section        0  printfa.o(i._printf_core)
    _printf_core                             0x0800442d   Thumb Code  1744  printfa.o(i._printf_core)
    i._printf_post_padding                   0x08004b08   Section        0  printfa.o(i._printf_post_padding)
    _printf_post_padding                     0x08004b09   Thumb Code    36  printfa.o(i._printf_post_padding)
    i._printf_pre_padding                    0x08004b2c   Section        0  printfa.o(i._printf_pre_padding)
    _printf_pre_padding                      0x08004b2d   Thumb Code    46  printfa.o(i._printf_pre_padding)
    i._sputc                                 0x08004b5a   Section        0  printfa.o(i._sputc)
    _sputc                                   0x08004b5b   Thumb Code    10  printfa.o(i._sputc)
    .conststring                             0x08004b64   Section      134  main.o(.conststring)
    .data                                    0x20000000   Section       66  main.o(.data)
    SMS_Num                                  0x20000000   Data           4  main.o(.data)
    phone                                    0x20000004   Data           4  main.o(.data)
    content                                  0x20000008   Data           4  main.o(.data)
    .data                                    0x20000042   Section        2  stm32f10x_it.o(.data)
    .data                                    0x20000044   Section       20  system_stm32f10x.o(.data)
    .data                                    0x20000058   Section        6  delay.o(.data)
    fac_us                                   0x20000058   Data           1  delay.o(.data)
    fac_ms                                   0x2000005a   Data           2  delay.o(.data)
    .data                                    0x20000060   Section        7  usart.o(.data)
    .data                                    0x20000067   Section       20  stm32f10x_rcc.o(.data)
    APBAHBPrescTable                         0x20000067   Data          16  stm32f10x_rcc.o(.data)
    ADCPrescTable                            0x20000077   Data           4  stm32f10x_rcc.o(.data)
    .data                                    0x2000007c   Section       24  heap_2.o(.data)
    xStart                                   0x2000007c   Data           8  heap_2.o(.data)
    xEnd                                     0x20000084   Data           8  heap_2.o(.data)
    xFreeBytesRemaining                      0x2000008c   Data           4  heap_2.o(.data)
    xHeapHasBeenInitialised                  0x20000090   Data           4  heap_2.o(.data)
    .data                                    0x20000094   Section        4  port.o(.data)
    uxCriticalNesting                        0x20000094   Data           4  port.o(.data)
    .data                                    0x20000098   Section       60  tasks.o(.data)
    pxDelayedTaskList                        0x2000009c   Data           4  tasks.o(.data)
    pxOverflowDelayedTaskList                0x200000a0   Data           4  tasks.o(.data)
    uxTasksDeleted                           0x200000a4   Data           4  tasks.o(.data)
    uxCurrentNumberOfTasks                   0x200000a8   Data           4  tasks.o(.data)
    xTickCount                               0x200000ac   Data           4  tasks.o(.data)
    uxTopUsedPriority                        0x200000b0   Data           4  tasks.o(.data)
    uxTopReadyPriority                       0x200000b4   Data           4  tasks.o(.data)
    xSchedulerRunning                        0x200000b8   Data           4  tasks.o(.data)
    uxSchedulerSuspended                     0x200000bc   Data           4  tasks.o(.data)
    uxMissedTicks                            0x200000c0   Data           4  tasks.o(.data)
    xMissedYield                             0x200000c4   Data           4  tasks.o(.data)
    xNumOfOverflows                          0x200000c8   Data           4  tasks.o(.data)
    uxTaskNumber                             0x200000cc   Data           4  tasks.o(.data)
    xNextTaskUnblockTime                     0x200000d0   Data           4  tasks.o(.data)
    .bss                                     0x200000d8   Section    16384  heap_2.o(.bss)
    xHeap                                    0x200000d8   Data       16384  heap_2.o(.bss)
    .bss                                     0x200040d8   Section      200  tasks.o(.bss)
    pxReadyTasksLists                        0x200040d8   Data         100  tasks.o(.bss)
    xDelayedTaskList1                        0x2000413c   Data          20  tasks.o(.bss)
    xDelayedTaskList2                        0x20004150   Data          20  tasks.o(.bss)
    xPendingReadyList                        0x20004164   Data          20  tasks.o(.bss)
    xTasksWaitingTermination                 0x20004178   Data          20  tasks.o(.bss)
    xSuspendedTaskList                       0x2000418c   Data          20  tasks.o(.bss)
    STACK                                    0x200041a0   Section     1024  startup_stm32f10x_md.o(STACK)

    Global Symbols

    Symbol Name                              Value     Ov Type        Size  Object(Section)

    BuildAttributes$$THM_ISAv4$P$D$K$B$S$PE$A:L22UL41UL21$X:L11$S22US41US21$IEEE1$IW$USESV6$~STKCKD$USESV7$~SHL$OTIME$ROPI$EBA8$MICROLIB$REQ8$PRES8$EABIv2 0x00000000   Number         0  anon$$obj.o ABSOLUTE
    __ARM_use_no_argv                        0x00000000   Number         0  main.o ABSOLUTE
    __use_no_errno                           0x00000000   Number         0  useno.o ABSOLUTE
    __use_no_exception_handling              0x00000000   Number         0  useno.o ABSOLUTE
    __use_no_fp                              0x00000000   Number         0  useno.o ABSOLUTE
    __use_no_heap                            0x00000000   Number         0  useno.o ABSOLUTE
    __use_no_heap_region                     0x00000000   Number         0  useno.o ABSOLUTE
    __use_no_semihosting                     0x00000000   Number         0  useno.o ABSOLUTE
    __use_no_semihosting_swi                 0x00000000   Number         0  useno.o ABSOLUTE
    __use_no_signal_handling                 0x00000000   Number         0  useno.o ABSOLUTE
    _printf_a                                0x00000000   Number         0  stubs.o ABSOLUTE
    _printf_c                                0x00000000   Number         0  stubs.o ABSOLUTE
    _printf_charcount                        0x00000000   Number         0  stubs.o ABSOLUTE
    _printf_d                                0x00000000   Number         0  stubs.o ABSOLUTE
    _printf_e                                0x00000000   Number         0  stubs.o ABSOLUTE
    _printf_f                                0x00000000   Number         0  stubs.o ABSOLUTE
    _printf_flags                            0x00000000   Number         0  stubs.o ABSOLUTE
    _printf_fp_dec                           0x00000000   Number         0  stubs.o ABSOLUTE
    _printf_fp_hex                           0x00000000   Number         0  stubs.o ABSOLUTE
    _printf_g                                0x00000000   Number         0  stubs.o ABSOLUTE
    _printf_i                                0x00000000   Number         0  stubs.o ABSOLUTE
    _printf_int_dec                          0x00000000   Number         0  stubs.o ABSOLUTE
    _printf_l                                0x00000000   Number         0  stubs.o ABSOLUTE
    _printf_lc                               0x00000000   Number         0  stubs.o ABSOLUTE
    _printf_ll                               0x00000000   Number         0  stubs.o ABSOLUTE
    _printf_lld                              0x00000000   Number         0  stubs.o ABSOLUTE
    _printf_lli                              0x00000000   Number         0  stubs.o ABSOLUTE
    _printf_llo                              0x00000000   Number         0  stubs.o ABSOLUTE
    _printf_llu                              0x00000000   Number         0  stubs.o ABSOLUTE
    _printf_llx                              0x00000000   Number         0  stubs.o ABSOLUTE
    _printf_longlong_dec                     0x00000000   Number         0  stubs.o ABSOLUTE
    _printf_longlong_hex                     0x00000000   Number         0  stubs.o ABSOLUTE
    _printf_longlong_oct                     0x00000000   Number         0  stubs.o ABSOLUTE
    _printf_ls                               0x00000000   Number         0  stubs.o ABSOLUTE
    _printf_mbtowc                           0x00000000   Number         0  stubs.o ABSOLUTE
    _printf_n                                0x00000000   Number         0  stubs.o ABSOLUTE
    _printf_o                                0x00000000   Number         0  stubs.o ABSOLUTE
    _printf_p                                0x00000000   Number         0  stubs.o ABSOLUTE
    _printf_percent                          0x00000000   Number         0  stubs.o ABSOLUTE
    _printf_pre_padding                      0x00000000   Number         0  stubs.o ABSOLUTE
    _printf_return_value                     0x00000000   Number         0  stubs.o ABSOLUTE
    _printf_s                                0x00000000   Number         0  stubs.o ABSOLUTE
    _printf_sizespec                         0x00000000   Number         0  stubs.o ABSOLUTE
    _printf_str                              0x00000000   Number         0  stubs.o ABSOLUTE
    _printf_truncate_signed                  0x00000000   Number         0  stubs.o ABSOLUTE
    _printf_truncate_unsigned                0x00000000   Number         0  stubs.o ABSOLUTE
    _printf_u                                0x00000000   Number         0  stubs.o ABSOLUTE
    _printf_wc                               0x00000000   Number         0  stubs.o ABSOLUTE
    _printf_wctomb                           0x00000000   Number         0  stubs.o ABSOLUTE
    _printf_widthprec                        0x00000000   Number         0  stubs.o ABSOLUTE
    _printf_x                                0x00000000   Number         0  stubs.o ABSOLUTE
    __cpp_initialize__aeabi_                  - Undefined Weak Reference
    __cxa_finalize                            - Undefined Weak Reference
    __decompress                              - Undefined Weak Reference
    _clock_init                               - Undefined Weak Reference
    _microlib_exit                            - Undefined Weak Reference
    __Vectors_Size                           0x000000ec   Number         0  startup_stm32f10x_md.o ABSOLUTE
    __Vectors                                0x08000000   Data           4  startup_stm32f10x_md.o(RESET)
    __Vectors_End                            0x080000ec   Data           0  startup_stm32f10x_md.o(RESET)
    __main                                   0x080000ed   Thumb Code     0  entry.o(.ARM.Collect$$$$00000000)
    _main_stk                                0x080000ed   Thumb Code     0  entry2.o(.ARM.Collect$$$$00000001)
    _main_scatterload                        0x080000f1   Thumb Code     0  entry5.o(.ARM.Collect$$$$00000004)
    __main_after_scatterload                 0x080000f5   Thumb Code     0  entry5.o(.ARM.Collect$$$$00000004)
    _main_clock                              0x080000f5   Thumb Code     0  entry7b.o(.ARM.Collect$$$$00000008)
    _main_cpp_init                           0x080000f5   Thumb Code     0  entry8b.o(.ARM.Collect$$$$0000000A)
    _main_init                               0x080000f5   Thumb Code     0  entry9a.o(.ARM.Collect$$$$0000000B)
    __rt_final_cpp                           0x080000fd   Thumb Code     0  entry10a.o(.ARM.Collect$$$$0000000D)
    __rt_final_exit                          0x080000fd   Thumb Code     0  entry11a.o(.ARM.Collect$$$$0000000F)
    vPortSVCHandler                          0x08000101   Thumb Code    28  port.o(.emb_text)
    vPortStartFirstTask                      0x08000121   Thumb Code    16  port.o(.emb_text)
    xPortPendSVHandler                       0x08000135   Thumb Code    56  port.o(.emb_text)
    vPortSetInterruptMask                    0x08000171   Thumb Code    14  port.o(.emb_text)
    vPortClearInterruptMask                  0x0800017f   Thumb Code    14  port.o(.emb_text)
    CLR_Buf2                                 0x0800018d   Thumb Code    20  main.o(.text)
    main                                     0x080001a1   Thumb Code    90  main.o(.text)
    DMA1_Channel1_IRQHandler                 0x080001fb   Thumb Code    62  main.o(.text)
    task1                                    0x08000239   Thumb Code     6  main.o(.text)
    task2                                    0x0800023f   Thumb Code    14  main.o(.text)
    RTC_IRQHandler                           0x080002ad   Thumb Code    34  stm32f10x_it.o(.text)
    RTCAlarm_IRQHandler                      0x080002cf   Thumb Code    76  stm32f10x_it.o(.text)
    SysTick_Handler                          0x0800031b   Thumb Code     2  stm32f10x_it.o(.text)
    NMI_Handler                              0x0800031d   Thumb Code     2  stm32f10x_it.o(.text)
    HardFault_Handler                        0x0800031f   Thumb Code     4  stm32f10x_it.o(.text)
    MemManage_Handler                        0x08000323   Thumb Code     4  stm32f10x_it.o(.text)
    BusFault_Handler                         0x08000327   Thumb Code     4  stm32f10x_it.o(.text)
    UsageFault_Handler                       0x0800032b   Thumb Code     4  stm32f10x_it.o(.text)
    SVC_Handler                              0x0800032f   Thumb Code     2  stm32f10x_it.o(.text)
    DebugMon_Handler                         0x08000331   Thumb Code     2  stm32f10x_it.o(.text)
    PendSV_Handler                           0x08000333   Thumb Code     2  stm32f10x_it.o(.text)
    SystemInit                               0x0800041b   Thumb Code    78  system_stm32f10x.o(.text)
    SystemCoreClockUpdate                    0x08000469   Thumb Code   142  system_stm32f10x.o(.text)
    delay_init                               0x0800051d   Thumb Code    50  delay.o(.text)
    delay_us                                 0x0800054f   Thumb Code    72  delay.o(.text)
    delay_1ms                                0x08000597   Thumb Code    68  delay.o(.text)
    delay_ms                                 0x080005db   Thumb Code    22  delay.o(.text)
    Delay_ms                                 0x080005f1   Thumb Code   130  delay.o(.text)
    _sys_exit                                0x08000691   Thumb Code     6  usart.o(.text)
    fputc                                    0x08000697   Thumb Code    24  usart.o(.text)
    uart_init                                0x080006af   Thumb Code   152  usart.o(.text)
    USART_Puts                               0x08000747   Thumb Code    40  usart.o(.text)
    UART1_SendLR                             0x0800076f   Thumb Code    12  usart.o(.text)
    UART2_SendLR                             0x0800077b   Thumb Code    12  usart.o(.text)
    USART_Receives                           0x08000787   Thumb Code    80  usart.o(.text)
    Receive_length                           0x080007d7   Thumb Code    36  usart.o(.text)
    USARTInit                                0x080007fb   Thumb Code   224  usart.o(.text)
    USART2_Init_Config                       0x080008db   Thumb Code   170  usart.o(.text)
    USART1_Init_Config                       0x08000985   Thumb Code   166  usart.o(.text)
    GPIOInit                                 0x08000a49   Thumb Code    60  myinit.o(.text)
    RCCInit                                  0x08000a85   Thumb Code    20  myinit.o(.text)
    System_HSE_Init                          0x08000a99   Thumb Code    32  myinit.o(.text)
    ALL_init                                 0x08000ab9   Thumb Code    70  myinit.o(.text)
    Delay_Init                               0x08000aff   Thumb Code    82  myinit.o(.text)
    EXITInit                                 0x08000b51   Thumb Code   116  myinit.o(.text)
    EXIT15Init                               0x08000bc5   Thumb Code    42  myinit.o(.text)
    EXIT13Init                               0x08000bef   Thumb Code    42  myinit.o(.text)
    EXIT10Init                               0x08000c19   Thumb Code    42  myinit.o(.text)
    EXIT8Init                                0x08000c43   Thumb Code    42  myinit.o(.text)
    RTC_Alarm_EXIT                           0x08000c6d   Thumb Code    34  myinit.o(.text)
    DMAx_ADCx_Init                           0x08000cad   Thumb Code   124  dma.o(.text)
    DMAx_USARTx_Init                         0x08000d29   Thumb Code   116  dma.o(.text)
    DMAx_Enable                              0x08000d9d   Thumb Code    32  dma.o(.text)
    DMA_Peripheral_Enable                    0x08000dbd   Thumb Code    12  dma.o(.text)
    CANInit                                  0x08000dd5   Thumb Code   248  can.o(.text)
    CAN_TX_data                              0x08000ecd   Thumb Code   104  can.o(.text)
    CAN_RX_data                              0x08000f35   Thumb Code    72  can.o(.text)
    NVIC_PriorityGroupConfig                 0x08000f91   Thumb Code    10  misc.o(.text)
    NVIC_Init                                0x08000f9b   Thumb Code   100  misc.o(.text)
    NVIC_SetVectorTable                      0x08000fff   Thumb Code    14  misc.o(.text)
    NVIC_SystemLPConfig                      0x0800100d   Thumb Code    34  misc.o(.text)
    SysTick_CLKSourceConfig                  0x0800102f   Thumb Code    40  misc.o(.text)
    ADC_DeInit                               0x0800106d   Thumb Code    78  stm32f10x_adc.o(.text)
    ADC_Init                                 0x080010bb   Thumb Code    70  stm32f10x_adc.o(.text)
    ADC_StructInit                           0x08001101   Thumb Code    18  stm32f10x_adc.o(.text)
    ADC_Cmd                                  0x08001113   Thumb Code    22  stm32f10x_adc.o(.text)
    ADC_DMACmd                               0x08001129   Thumb Code    22  stm32f10x_adc.o(.text)
    ADC_ITConfig                             0x0800113f   Thumb Code    24  stm32f10x_adc.o(.text)
    ADC_ResetCalibration                     0x08001157   Thumb Code    10  stm32f10x_adc.o(.text)
    ADC_GetResetCalibrationStatus            0x08001161   Thumb Code    20  stm32f10x_adc.o(.text)
    ADC_StartCalibration                     0x08001175   Thumb Code    10  stm32f10x_adc.o(.text)
    ADC_GetCalibrationStatus                 0x0800117f   Thumb Code    20  stm32f10x_adc.o(.text)
    ADC_SoftwareStartConvCmd                 0x08001193   Thumb Code    22  stm32f10x_adc.o(.text)
    ADC_GetSoftwareStartConvStatus           0x080011a9   Thumb Code    20  stm32f10x_adc.o(.text)
    ADC_DiscModeChannelCountConfig           0x080011bd   Thumb Code    24  stm32f10x_adc.o(.text)
    ADC_DiscModeCmd                          0x080011d5   Thumb Code    22  stm32f10x_adc.o(.text)
    ADC_RegularChannelConfig                 0x080011eb   Thumb Code   184  stm32f10x_adc.o(.text)
    ADC_ExternalTrigConvCmd                  0x080012a3   Thumb Code    22  stm32f10x_adc.o(.text)
    ADC_GetConversionValue                   0x080012b9   Thumb Code     8  stm32f10x_adc.o(.text)
    ADC_GetDualModeConversionValue           0x080012c1   Thumb Code     8  stm32f10x_adc.o(.text)
    ADC_AutoInjectedConvCmd                  0x080012c9   Thumb Code    22  stm32f10x_adc.o(.text)
    ADC_InjectedDiscModeCmd                  0x080012df   Thumb Code    22  stm32f10x_adc.o(.text)
    ADC_ExternalTrigInjectedConvConfig       0x080012f5   Thumb Code    16  stm32f10x_adc.o(.text)
    ADC_ExternalTrigInjectedConvCmd          0x08001305   Thumb Code    22  stm32f10x_adc.o(.text)
    ADC_SoftwareStartInjectedConvCmd         0x0800131b   Thumb Code    22  stm32f10x_adc.o(.text)
    ADC_GetSoftwareStartInjectedConvCmdStatus 0x08001331   Thumb Code    20  stm32f10x_adc.o(.text)
    ADC_InjectedChannelConfig                0x08001345   Thumb Code   130  stm32f10x_adc.o(.text)
    ADC_InjectedSequencerLengthConfig        0x080013c7   Thumb Code    24  stm32f10x_adc.o(.text)
    ADC_SetInjectedOffset                    0x080013df   Thumb Code    20  stm32f10x_adc.o(.text)
    ADC_GetInjectedConversionValue           0x080013f3   Thumb Code    28  stm32f10x_adc.o(.text)
    ADC_AnalogWatchdogCmd                    0x0800140f   Thumb Code    16  stm32f10x_adc.o(.text)
    ADC_AnalogWatchdogThresholdsConfig       0x0800141f   Thumb Code     6  stm32f10x_adc.o(.text)
    ADC_AnalogWatchdogSingleChannelConfig    0x08001425   Thumb Code    16  stm32f10x_adc.o(.text)
    ADC_TempSensorVrefintCmd                 0x08001435   Thumb Code    64  stm32f10x_adc.o(.text)
    ADC_GetFlagStatus                        0x08001475   Thumb Code    18  stm32f10x_adc.o(.text)
    ADC_ClearFlag                            0x08001487   Thumb Code     6  stm32f10x_adc.o(.text)
    ADC_GetITStatus                          0x0800148d   Thumb Code    36  stm32f10x_adc.o(.text)
    ADC_ClearITPendingBit                    0x080014b1   Thumb Code    10  stm32f10x_adc.o(.text)
    CAN_DeInit                               0x080014bd   Thumb Code    50  stm32f10x_can.o(.text)
    CAN_Init                                 0x080014ef   Thumb Code   276  stm32f10x_can.o(.text)
    CAN_FilterInit                           0x08001603   Thumb Code   258  stm32f10x_can.o(.text)
    CAN_StructInit                           0x08001705   Thumb Code    32  stm32f10x_can.o(.text)
    CAN_SlaveStartBank                       0x08001725   Thumb Code    48  stm32f10x_can.o(.text)
    CAN_DBGFreeze                            0x08001755   Thumb Code    22  stm32f10x_can.o(.text)
    CAN_TTComModeCmd                         0x0800176b   Thumb Code   118  stm32f10x_can.o(.text)
    CAN_Transmit                             0x080017e1   Thumb Code   304  stm32f10x_can.o(.text)
    CAN_TransmitStatus                       0x08001911   Thumb Code   138  stm32f10x_can.o(.text)
    CAN_CancelTransmit                       0x0800199b   Thumb Code    48  stm32f10x_can.o(.text)
    CAN_Receive                              0x080019cb   Thumb Code   240  stm32f10x_can.o(.text)
    CAN_FIFORelease                          0x08001abb   Thumb Code    22  stm32f10x_can.o(.text)
    CAN_MessagePending                       0x08001ad1   Thumb Code    30  stm32f10x_can.o(.text)
    CAN_OperatingModeRequest                 0x08001aef   Thumb Code   162  stm32f10x_can.o(.text)
    CAN_Sleep                                0x08001b91   Thumb Code    30  stm32f10x_can.o(.text)
    CAN_WakeUp                               0x08001baf   Thumb Code    48  stm32f10x_can.o(.text)
    CAN_GetLastErrorCode                     0x08001bdf   Thumb Code    12  stm32f10x_can.o(.text)
    CAN_GetReceiveErrorCounter               0x08001beb   Thumb Code    10  stm32f10x_can.o(.text)
    CAN_GetLSBTransmitErrorCounter           0x08001bf5   Thumb Code    12  stm32f10x_can.o(.text)
    CAN_ITConfig                             0x08001c01   Thumb Code    18  stm32f10x_can.o(.text)
    CAN_GetFlagStatus                        0x08001c13   Thumb Code   120  stm32f10x_can.o(.text)
    CAN_ClearFlag                            0x08001c8b   Thumb Code    52  stm32f10x_can.o(.text)
    CAN_GetITStatus                          0x08001cd1   Thumb Code   310  stm32f10x_can.o(.text)
    CAN_ClearITPendingBit                    0x08001e07   Thumb Code   162  stm32f10x_can.o(.text)
    DMA_DeInit                               0x08001ead   Thumb Code   324  stm32f10x_dma.o(.text)
    DMA_Init                                 0x08001ff1   Thumb Code    60  stm32f10x_dma.o(.text)
    DMA_StructInit                           0x0800202d   Thumb Code    26  stm32f10x_dma.o(.text)
    DMA_Cmd                                  0x08002047   Thumb Code    24  stm32f10x_dma.o(.text)
    DMA_ITConfig                             0x0800205f   Thumb Code    18  stm32f10x_dma.o(.text)
    DMA_SetCurrDataCounter                   0x08002071   Thumb Code     4  stm32f10x_dma.o(.text)
    DMA_GetCurrDataCounter                   0x08002075   Thumb Code     8  stm32f10x_dma.o(.text)
    DMA_GetFlagStatus                        0x0800207d   Thumb Code    40  stm32f10x_dma.o(.text)
    DMA_ClearFlag                            0x080020a5   Thumb Code    22  stm32f10x_dma.o(.text)
    DMA_GetITStatus                          0x080020bb   Thumb Code    40  stm32f10x_dma.o(.text)
    DMA_ClearITPendingBit                    0x080020e3   Thumb Code    22  stm32f10x_dma.o(.text)
    EXTI_DeInit                              0x08002101   Thumb Code    28  stm32f10x_exti.o(.text)
    EXTI_Init                                0x0800211d   Thumb Code   142  stm32f10x_exti.o(.text)
    EXTI_StructInit                          0x080021ab   Thumb Code    16  stm32f10x_exti.o(.text)
    EXTI_GenerateSWInterrupt                 0x080021bb   Thumb Code    16  stm32f10x_exti.o(.text)
    EXTI_GetFlagStatus                       0x080021cb   Thumb Code    22  stm32f10x_exti.o(.text)
    EXTI_ClearFlag                           0x080021e1   Thumb Code     8  stm32f10x_exti.o(.text)
    EXTI_GetITStatus                         0x080021e9   Thumb Code    34  stm32f10x_exti.o(.text)
    EXTI_ClearITPendingBit                   0x0800220b   Thumb Code     8  stm32f10x_exti.o(.text)
    GPIO_DeInit                              0x0800221d   Thumb Code   172  stm32f10x_gpio.o(.text)
    GPIO_AFIODeInit                          0x080022c9   Thumb Code    20  stm32f10x_gpio.o(.text)
    GPIO_Init                                0x080022dd   Thumb Code   278  stm32f10x_gpio.o(.text)
    GPIO_StructInit                          0x080023f3   Thumb Code    16  stm32f10x_gpio.o(.text)
    GPIO_ReadInputDataBit                    0x08002403   Thumb Code    18  stm32f10x_gpio.o(.text)
    GPIO_ReadInputData                       0x08002415   Thumb Code     8  stm32f10x_gpio.o(.text)
    GPIO_ReadOutputDataBit                   0x0800241d   Thumb Code    18  stm32f10x_gpio.o(.text)
    GPIO_ReadOutputData                      0x0800242f   Thumb Code     8  stm32f10x_gpio.o(.text)
    GPIO_SetBits                             0x08002437   Thumb Code     4  stm32f10x_gpio.o(.text)
    GPIO_ResetBits                           0x0800243b   Thumb Code     4  stm32f10x_gpio.o(.text)
    GPIO_WriteBit                            0x0800243f   Thumb Code    10  stm32f10x_gpio.o(.text)
    GPIO_Write                               0x08002449   Thumb Code     4  stm32f10x_gpio.o(.text)
    GPIO_PinLockConfig                       0x0800244d   Thumb Code    18  stm32f10x_gpio.o(.text)
    GPIO_EventOutputConfig                   0x0800245f   Thumb Code    26  stm32f10x_gpio.o(.text)
    GPIO_EventOutputCmd                      0x08002479   Thumb Code     6  stm32f10x_gpio.o(.text)
    GPIO_PinRemapConfig                      0x0800247f   Thumb Code   138  stm32f10x_gpio.o(.text)
    GPIO_EXTILineConfig                      0x08002509   Thumb Code    66  stm32f10x_gpio.o(.text)
    GPIO_ETH_MediaInterfaceConfig            0x0800254b   Thumb Code     8  stm32f10x_gpio.o(.text)
    PWR_DeInit                               0x08002579   Thumb Code    22  stm32f10x_pwr.o(.text)
    PWR_BackupAccessCmd                      0x0800258f   Thumb Code     6  stm32f10x_pwr.o(.text)
    PWR_PVDCmd                               0x08002595   Thumb Code     6  stm32f10x_pwr.o(.text)
    PWR_PVDLevelConfig                       0x0800259b   Thumb Code    18  stm32f10x_pwr.o(.text)
    PWR_WakeUpPinCmd                         0x080025ad   Thumb Code     8  stm32f10x_pwr.o(.text)
    PWR_EnterSTOPMode                        0x080025b5   Thumb Code    54  stm32f10x_pwr.o(.text)
    PWR_EnterSTANDBYMode                     0x080025eb   Thumb Code    42  stm32f10x_pwr.o(.text)
    PWR_GetFlagStatus                        0x08002615   Thumb Code    20  stm32f10x_pwr.o(.text)
    PWR_ClearFlag                            0x08002629   Thumb Code    14  stm32f10x_pwr.o(.text)
    RCC_DeInit                               0x08002645   Thumb Code    64  stm32f10x_rcc.o(.text)
    RCC_HSEConfig                            0x08002685   Thumb Code    70  stm32f10x_rcc.o(.text)
    RCC_GetFlagStatus                        0x080026cb   Thumb Code    56  stm32f10x_rcc.o(.text)
    RCC_WaitForHSEStartUp                    0x08002703   Thumb Code    56  stm32f10x_rcc.o(.text)
    RCC_AdjustHSICalibrationValue            0x0800273b   Thumb Code    20  stm32f10x_rcc.o(.text)
    RCC_HSICmd                               0x0800274f   Thumb Code     6  stm32f10x_rcc.o(.text)
    RCC_PLLConfig                            0x08002755   Thumb Code    24  stm32f10x_rcc.o(.text)
    RCC_PLLCmd                               0x0800276d   Thumb Code     6  stm32f10x_rcc.o(.text)
    RCC_SYSCLKConfig                         0x08002773   Thumb Code    18  stm32f10x_rcc.o(.text)
    RCC_GetSYSCLKSource                      0x08002785   Thumb Code    10  stm32f10x_rcc.o(.text)
    RCC_HCLKConfig                           0x0800278f   Thumb Code    18  stm32f10x_rcc.o(.text)
    RCC_PCLK1Config                          0x080027a1   Thumb Code    18  stm32f10x_rcc.o(.text)
    RCC_PCLK2Config                          0x080027b3   Thumb Code    20  stm32f10x_rcc.o(.text)
    RCC_ITConfig                             0x080027c7   Thumb Code    26  stm32f10x_rcc.o(.text)
    RCC_USBCLKConfig                         0x080027e1   Thumb Code     8  stm32f10x_rcc.o(.text)
    RCC_ADCCLKConfig                         0x080027e9   Thumb Code    18  stm32f10x_rcc.o(.text)
    RCC_LSEConfig                            0x080027fb   Thumb Code    50  stm32f10x_rcc.o(.text)
    RCC_LSICmd                               0x0800282d   Thumb Code     6  stm32f10x_rcc.o(.text)
    RCC_RTCCLKConfig                         0x08002833   Thumb Code    12  stm32f10x_rcc.o(.text)
    RCC_RTCCLKCmd                            0x0800283f   Thumb Code     8  stm32f10x_rcc.o(.text)
    RCC_GetClocksFreq                        0x08002847   Thumb Code   192  stm32f10x_rcc.o(.text)
    RCC_AHBPeriphClockCmd                    0x08002907   Thumb Code    26  stm32f10x_rcc.o(.text)
    RCC_APB2PeriphClockCmd                   0x08002921   Thumb Code    26  stm32f10x_rcc.o(.text)
    RCC_APB1PeriphClockCmd                   0x0800293b   Thumb Code    26  stm32f10x_rcc.o(.text)
    RCC_APB2PeriphResetCmd                   0x08002955   Thumb Code    26  stm32f10x_rcc.o(.text)
    RCC_APB1PeriphResetCmd                   0x0800296f   Thumb Code    26  stm32f10x_rcc.o(.text)
    RCC_BackupResetCmd                       0x08002989   Thumb Code     8  stm32f10x_rcc.o(.text)
    RCC_ClockSecuritySystemCmd               0x08002991   Thumb Code     6  stm32f10x_rcc.o(.text)
    RCC_MCOConfig                            0x08002997   Thumb Code     6  stm32f10x_rcc.o(.text)
    RCC_ClearFlag                            0x0800299d   Thumb Code    14  stm32f10x_rcc.o(.text)
    RCC_GetITStatus                          0x080029ab   Thumb Code    20  stm32f10x_rcc.o(.text)
    RCC_ClearITPendingBit                    0x080029bf   Thumb Code     6  stm32f10x_rcc.o(.text)
    RTC_ITConfig                             0x080029e9   Thumb Code    26  stm32f10x_rtc.o(.text)
    RTC_EnterConfigMode                      0x08002a03   Thumb Code    18  stm32f10x_rtc.o(.text)
    RTC_ExitConfigMode                       0x08002a15   Thumb Code    20  stm32f10x_rtc.o(.text)
    RTC_GetCounter                           0x08002a29   Thumb Code    18  stm32f10x_rtc.o(.text)
    RTC_SetCounter                           0x08002a3b   Thumb Code    26  stm32f10x_rtc.o(.text)
    RTC_SetPrescaler                         0x08002a55   Thumb Code    28  stm32f10x_rtc.o(.text)
    RTC_SetAlarm                             0x08002a71   Thumb Code    26  stm32f10x_rtc.o(.text)
    RTC_GetDivider                           0x08002a8b   Thumb Code    22  stm32f10x_rtc.o(.text)
    RTC_WaitForLastTask                      0x08002aa1   Thumb Code    18  stm32f10x_rtc.o(.text)
    RTC_WaitForSynchro                       0x08002ab3   Thumb Code    36  stm32f10x_rtc.o(.text)
    RTC_GetFlagStatus                        0x08002ad7   Thumb Code    22  stm32f10x_rtc.o(.text)
    RTC_ClearFlag                            0x08002aed   Thumb Code    16  stm32f10x_rtc.o(.text)
    RTC_GetITStatus                          0x08002afd   Thumb Code    32  stm32f10x_rtc.o(.text)
    RTC_ClearITPendingBit                    0x08002b1d   Thumb Code    16  stm32f10x_rtc.o(.text)
    USART_DeInit                             0x08002b31   Thumb Code   134  stm32f10x_usart.o(.text)
    USART_Init                               0x08002bb7   Thumb Code   210  stm32f10x_usart.o(.text)
    USART_StructInit                         0x08002c89   Thumb Code    24  stm32f10x_usart.o(.text)
    USART_ClockInit                          0x08002ca1   Thumb Code    34  stm32f10x_usart.o(.text)
    USART_ClockStructInit                    0x08002cc3   Thumb Code    12  stm32f10x_usart.o(.text)
    USART_Cmd                                0x08002ccf   Thumb Code    24  stm32f10x_usart.o(.text)
    USART_ITConfig                           0x08002ce7   Thumb Code    74  stm32f10x_usart.o(.text)
    USART_DMACmd                             0x08002d31   Thumb Code    18  stm32f10x_usart.o(.text)
    USART_SetAddress                         0x08002d43   Thumb Code    18  stm32f10x_usart.o(.text)
    USART_WakeUpConfig                       0x08002d55   Thumb Code    18  stm32f10x_usart.o(.text)
    USART_ReceiverWakeUpCmd                  0x08002d67   Thumb Code    24  stm32f10x_usart.o(.text)
    USART_LINBreakDetectLengthConfig         0x08002d7f   Thumb Code    18  stm32f10x_usart.o(.text)
    USART_LINCmd                             0x08002d91   Thumb Code    24  stm32f10x_usart.o(.text)
    USART_SendData                           0x08002da9   Thumb Code     8  stm32f10x_usart.o(.text)
    USART_ReceiveData                        0x08002db1   Thumb Code    10  stm32f10x_usart.o(.text)
    USART_SendBreak                          0x08002dbb   Thumb Code    10  stm32f10x_usart.o(.text)
    USART_SetGuardTime                       0x08002dc5   Thumb Code    16  stm32f10x_usart.o(.text)
    USART_SetPrescaler                       0x08002dd5   Thumb Code    16  stm32f10x_usart.o(.text)
    USART_SmartCardCmd                       0x08002de5   Thumb Code    24  stm32f10x_usart.o(.text)
    USART_SmartCardNACKCmd                   0x08002dfd   Thumb Code    24  stm32f10x_usart.o(.text)
    USART_HalfDuplexCmd                      0x08002e15   Thumb Code    24  stm32f10x_usart.o(.text)
    USART_OverSampling8Cmd                   0x08002e2d   Thumb Code    22  stm32f10x_usart.o(.text)
    USART_OneBitMethodCmd                    0x08002e43   Thumb Code    24  stm32f10x_usart.o(.text)
    USART_IrDAConfig                         0x08002e5b   Thumb Code    18  stm32f10x_usart.o(.text)
    USART_IrDACmd                            0x08002e6d   Thumb Code    24  stm32f10x_usart.o(.text)
    USART_GetFlagStatus                      0x08002e85   Thumb Code    26  stm32f10x_usart.o(.text)
    USART_ClearFlag                          0x08002e9f   Thumb Code    18  stm32f10x_usart.o(.text)
    USART_GetITStatus                        0x08002eb1   Thumb Code    84  stm32f10x_usart.o(.text)
    USART_ClearITPendingBit                  0x08002f05   Thumb Code    52  stm32f10x_usart.o(.text)
    Reset_Handler                            0x08002f39   Thumb Code     8  startup_stm32f10x_md.o(.text)
    ADC1_2_IRQHandler                        0x08002f53   Thumb Code     0  startup_stm32f10x_md.o(.text)
    CAN1_RX1_IRQHandler                      0x08002f53   Thumb Code     0  startup_stm32f10x_md.o(.text)
    CAN1_SCE_IRQHandler                      0x08002f53   Thumb Code     0  startup_stm32f10x_md.o(.text)
    DMA1_Channel2_IRQHandler                 0x08002f53   Thumb Code     0  startup_stm32f10x_md.o(.text)
    DMA1_Channel3_IRQHandler                 0x08002f53   Thumb Code     0  startup_stm32f10x_md.o(.text)
    DMA1_Channel4_IRQHandler                 0x08002f53   Thumb Code     0  startup_stm32f10x_md.o(.text)
    DMA1_Channel5_IRQHandler                 0x08002f53   Thumb Code     0  startup_stm32f10x_md.o(.text)
    DMA1_Channel6_IRQHandler                 0x08002f53   Thumb Code     0  startup_stm32f10x_md.o(.text)
    DMA1_Channel7_IRQHandler                 0x08002f53   Thumb Code     0  startup_stm32f10x_md.o(.text)
    EXTI0_IRQHandler                         0x08002f53   Thumb Code     0  startup_stm32f10x_md.o(.text)
    EXTI15_10_IRQHandler                     0x08002f53   Thumb Code     0  startup_stm32f10x_md.o(.text)
    EXTI1_IRQHandler                         0x08002f53   Thumb Code     0  startup_stm32f10x_md.o(.text)
    EXTI2_IRQHandler                         0x08002f53   Thumb Code     0  startup_stm32f10x_md.o(.text)
    EXTI3_IRQHandler                         0x08002f53   Thumb Code     0  startup_stm32f10x_md.o(.text)
    EXTI4_IRQHandler                         0x08002f53   Thumb Code     0  startup_stm32f10x_md.o(.text)
    EXTI9_5_IRQHandler                       0x08002f53   Thumb Code     0  startup_stm32f10x_md.o(.text)
    FLASH_IRQHandler                         0x08002f53   Thumb Code     0  startup_stm32f10x_md.o(.text)
    I2C1_ER_IRQHandler                       0x08002f53   Thumb Code     0  startup_stm32f10x_md.o(.text)
    I2C1_EV_IRQHandler                       0x08002f53   Thumb Code     0  startup_stm32f10x_md.o(.text)
    I2C2_ER_IRQHandler                       0x08002f53   Thumb Code     0  startup_stm32f10x_md.o(.text)
    I2C2_EV_IRQHandler                       0x08002f53   Thumb Code     0  startup_stm32f10x_md.o(.text)
    PVD_IRQHandler                           0x08002f53   Thumb Code     0  startup_stm32f10x_md.o(.text)
    RCC_IRQHandler                           0x08002f53   Thumb Code     0  startup_stm32f10x_md.o(.text)
    SPI1_IRQHandler                          0x08002f53   Thumb Code     0  startup_stm32f10x_md.o(.text)
    SPI2_IRQHandler                          0x08002f53   Thumb Code     0  startup_stm32f10x_md.o(.text)
    TAMPER_IRQHandler                        0x08002f53   Thumb Code     0  startup_stm32f10x_md.o(.text)
    TIM1_BRK_IRQHandler                      0x08002f53   Thumb Code     0  startup_stm32f10x_md.o(.text)
    TIM1_CC_IRQHandler                       0x08002f53   Thumb Code     0  startup_stm32f10x_md.o(.text)
    TIM1_TRG_COM_IRQHandler                  0x08002f53   Thumb Code     0  startup_stm32f10x_md.o(.text)
    TIM1_UP_IRQHandler                       0x08002f53   Thumb Code     0  startup_stm32f10x_md.o(.text)
    TIM2_IRQHandler                          0x08002f53   Thumb Code     0  startup_stm32f10x_md.o(.text)
    TIM3_IRQHandler                          0x08002f53   Thumb Code     0  startup_stm32f10x_md.o(.text)
    TIM4_IRQHandler                          0x08002f53   Thumb Code     0  startup_stm32f10x_md.o(.text)
    USART1_IRQHandler                        0x08002f53   Thumb Code     0  startup_stm32f10x_md.o(.text)
    USART2_IRQHandler                        0x08002f53   Thumb Code     0  startup_stm32f10x_md.o(.text)
    USART3_IRQHandler                        0x08002f53   Thumb Code     0  startup_stm32f10x_md.o(.text)
    USBWakeUp_IRQHandler                     0x08002f53   Thumb Code     0  startup_stm32f10x_md.o(.text)
    USB_HP_CAN1_TX_IRQHandler                0x08002f53   Thumb Code     0  startup_stm32f10x_md.o(.text)
    USB_LP_CAN1_RX0_IRQHandler               0x08002f53   Thumb Code     0  startup_stm32f10x_md.o(.text)
    WWDG_IRQHandler                          0x08002f53   Thumb Code     0  startup_stm32f10x_md.o(.text)
    pvPortMalloc                             0x08002f5d   Thumb Code   194  heap_2.o(.text)
    vPortFree                                0x0800301f   Thumb Code    56  heap_2.o(.text)
    xPortGetFreeHeapSize                     0x08003057   Thumb Code     6  heap_2.o(.text)
    vPortInitialiseBlocks                    0x0800305d   Thumb Code     2  heap_2.o(.text)
    vListInitialise                          0x08003075   Thumb Code    26  list.o(.text)
    vListInitialiseItem                      0x0800308f   Thumb Code     6  list.o(.text)
    vListInsertEnd                           0x08003095   Thumb Code    28  list.o(.text)
    vListInsert                              0x080030b1   Thumb Code    52  list.o(.text)
    vListRemove                              0x080030e5   Thumb Code    36  list.o(.text)
    pxPortInitialiseStack                    0x08003109   Thumb Code    26  port.o(.text)
    xPortStartScheduler                      0x08003131   Thumb Code    42  port.o(.text)
    vPortEndScheduler                        0x0800315b   Thumb Code     2  port.o(.text)
    vPortYieldFromISR                        0x0800315d   Thumb Code    12  port.o(.text)
    vPortEnterCritical                       0x08003169   Thumb Code    18  port.o(.text)
    vPortExitCritical                        0x0800317b   Thumb Code    24  port.o(.text)
    xPortSysTickHandler                      0x08003193   Thumb Code    28  port.o(.text)
    xTaskGenericCreate                       0x08003283   Thumb Code   240  tasks.o(.text)
    vTaskDelete                              0x08003373   Thumb Code    94  tasks.o(.text)
    vTaskIncrementTick                       0x080033d1   Thumb Code   228  tasks.o(.text)
    xTaskResumeAll                           0x080034b5   Thumb Code   188  tasks.o(.text)
    vTaskSuspendAll                          0x08003605   Thumb Code    12  tasks.o(.text)
    vTaskDelayUntil                          0x08003611   Thumb Code   108  tasks.o(.text)
    vTaskDelay                               0x0800367d   Thumb Code    48  tasks.o(.text)
    uxTaskPriorityGet                        0x080036ad   Thumb Code    30  tasks.o(.text)
    vTaskSwitchContext                       0x080036cb   Thumb Code    92  tasks.o(.text)
    vTaskSuspend                             0x08003727   Thumb Code    96  tasks.o(.text)
    xTaskIsTaskSuspended                     0x08003787   Thumb Code    60  tasks.o(.text)
    vTaskResume                              0x080037c3   Thumb Code    92  tasks.o(.text)
    xTaskResumeFromISR                       0x0800381f   Thumb Code   100  tasks.o(.text)
    vTaskStartScheduler                      0x080038fb   Thumb Code    52  tasks.o(.text)
    vTaskEndScheduler                        0x0800392f   Thumb Code    18  tasks.o(.text)
    xTaskGetTickCount                        0x08003941   Thumb Code    18  tasks.o(.text)
    xTaskGetTickCountFromISR                 0x08003953   Thumb Code    20  tasks.o(.text)
    uxTaskGetNumberOfTasks                   0x08003967   Thumb Code     6  tasks.o(.text)
    vTaskCleanUpResources                    0x0800396d   Thumb Code   368  tasks.o(.text)
    vTaskPlaceOnEventList                    0x08003add   Thumb Code    60  tasks.o(.text)
    xTaskRemoveFromEventList                 0x08003b19   Thumb Code    96  tasks.o(.text)
    vTaskSetTimeOutState                     0x08003b79   Thumb Code    14  tasks.o(.text)
    xTaskCheckForTimeOut                     0x08003b87   Thumb Code    92  tasks.o(.text)
    vTaskMissedYield                         0x08003be3   Thumb Code     8  tasks.o(.text)
    xTaskGetCurrentTaskHandle                0x08003beb   Thumb Code     6  tasks.o(.text)
    vTaskPriorityInherit                     0x08003bf1   Thumb Code   108  tasks.o(.text)
    vTaskPriorityDisinherit                  0x08003c5d   Thumb Code    70  tasks.o(.text)
    __aeabi_memset                           0x08003ccd   Thumb Code    14  memseta.o(.text)
    __aeabi_memset4                          0x08003ccd   Thumb Code     0  memseta.o(.text)
    __aeabi_memset8                          0x08003ccd   Thumb Code     0  memseta.o(.text)
    __aeabi_memclr                           0x08003cdb   Thumb Code     4  memseta.o(.text)
    __aeabi_memclr4                          0x08003cdb   Thumb Code     0  memseta.o(.text)
    __aeabi_memclr8                          0x08003cdb   Thumb Code     0  memseta.o(.text)
    _memset$wrapper                          0x08003cdf   Thumb Code    18  memseta.o(.text)
    strstr                                   0x08003cf1   Thumb Code    36  strstr.o(.text)
    strncpy                                  0x08003d15   Thumb Code    24  strncpy.o(.text)
    __aeabi_dadd                             0x08003d2d   Thumb Code   322  dadd.o(.text)
    __aeabi_dsub                             0x08003e6f   Thumb Code     6  dadd.o(.text)
    __aeabi_drsub                            0x08003e75   Thumb Code     6  dadd.o(.text)
    __aeabi_dmul                             0x08003e7b   Thumb Code   228  dmul.o(.text)
    __aeabi_ddiv                             0x08003f5f   Thumb Code   222  ddiv.o(.text)
    __aeabi_uidiv                            0x0800403d   Thumb Code     0  uidiv.o(.text)
    __aeabi_uidivmod                         0x0800403d   Thumb Code    44  uidiv.o(.text)
    __aeabi_uldivmod                         0x08004069   Thumb Code    98  uldiv.o(.text)
    __aeabi_llsl                             0x080040cb   Thumb Code    30  llshl.o(.text)
    _ll_shift_l                              0x080040cb   Thumb Code     0  llshl.o(.text)
    __aeabi_llsr                             0x080040e9   Thumb Code    32  llushr.o(.text)
    _ll_ushift_r                             0x080040e9   Thumb Code     0  llushr.o(.text)
    __aeabi_lasr                             0x08004109   Thumb Code    36  llsshr.o(.text)
    _ll_sshift_r                             0x08004109   Thumb Code     0  llsshr.o(.text)
    __I$use$fp                               0x0800412d   Thumb Code     0  iusefp.o(.text)
    _double_round                            0x0800412d   Thumb Code    26  depilogue.o(.text)
    _double_epilogue                         0x08004147   Thumb Code   156  depilogue.o(.text)
    __aeabi_d2ulz                            0x080041e3   Thumb Code    48  dfixul.o(.text)
    __aeabi_cdrcmple                         0x08004215   Thumb Code    38  cdrcmple.o(.text)
    __scatterload                            0x0800423d   Thumb Code    28  init.o(.text)
    __scatterload_rt2                        0x0800423d   Thumb Code     0  init.o(.text)
    __0printf                                0x08004261   Thumb Code    22  printfa.o(i.__0printf)
    __1printf                                0x08004261   Thumb Code     0  printfa.o(i.__0printf)
    __2printf                                0x08004261   Thumb Code     0  printfa.o(i.__0printf)
    __c89printf                              0x08004261   Thumb Code     0  printfa.o(i.__0printf)
    printf                                   0x08004261   Thumb Code     0  printfa.o(i.__0printf)
    __0sprintf                               0x08004281   Thumb Code    34  printfa.o(i.__0sprintf)
    __1sprintf                               0x08004281   Thumb Code     0  printfa.o(i.__0sprintf)
    __2sprintf                               0x08004281   Thumb Code     0  printfa.o(i.__0sprintf)
    __c89sprintf                             0x08004281   Thumb Code     0  printfa.o(i.__0sprintf)
    sprintf                                  0x08004281   Thumb Code     0  printfa.o(i.__0sprintf)
    __scatterload_copy                       0x080042a9   Thumb Code    14  handlers.o(i.__scatterload_copy)
    __scatterload_null                       0x080042b7   Thumb Code     2  handlers.o(i.__scatterload_null)
    __scatterload_zeroinit                   0x080042b9   Thumb Code    14  handlers.o(i.__scatterload_zeroinit)
    Region$$Table$$Base                      0x08004bec   Number         0  anon$$obj.o(Region$$Table)
    Region$$Table$$Limit                     0x08004c0c   Number         0  anon$$obj.o(Region$$Table)
    string                                   0x2000000c   Data           4  main.o(.data)
    Timeserver                               0x20000010   Data           4  main.o(.data)
    Times                                    0x20000014   Data           1  main.o(.data)
    First_Int                                0x20000015   Data           1  main.o(.data)
    shijian                                  0x20000016   Data           1  main.o(.data)
    Heartbeat                                0x20000018   Data           2  main.o(.data)
    Timer0_start                             0x2000001a   Data           1  main.o(.data)
    Heart_beat                               0x2000001b   Data           1  main.o(.data)
    NowTime                                  0x2000001c   Data           6  main.o(.data)
    adcValue                                 0x20000024   Data           4  main.o(.data)
    usart_BUFF                               0x20000028   Data           6  main.o(.data)
    Uart2_Buf                                0x2000002e   Data          20  main.o(.data)
    flag1                                    0x20000042   Data           1  stm32f10x_it.o(.data)
    Wakeflag                                 0x20000043   Data           1  stm32f10x_it.o(.data)
    SystemCoreClock                          0x20000044   Data           4  system_stm32f10x.o(.data)
    AHBPrescTable                            0x20000048   Data          16  system_stm32f10x.o(.data)
    DelayTime                                0x2000005c   Data           2  delay.o(.data)
    __stdout                                 0x20000060   Data           4  usart.o(.data)
    USART_RX_STA                             0x20000064   Data           2  usart.o(.data)
    ucount                                   0x20000066   Data           1  usart.o(.data)
    pxCurrentTCB                             0x20000098   Data           4  tasks.o(.data)
    __initial_sp                             0x200045a0   Data           0  startup_stm32f10x_md.o(STACK)



==============================================================================

Memory Map of the image

  Image Entry point : 0x080000ed

  Load Region LR_IROM1 (Base: 0x08000000, Size: 0x00004ce0, Max: 0x00080000, ABSOLUTE)

    Execution Region ER_IROM1 (Base: 0x08000000, Size: 0x00004c0c, Max: 0x00080000, ABSOLUTE)

    Base Addr    Size         Type   Attr      Idx    E Section Name        Object

    0x08000000   0x000000ec   Data   RO         1217    RESET               startup_stm32f10x_md.o
    0x080000ec   0x00000000   Code   RO         1341  * .ARM.Collect$$$$00000000  mc_w.l(entry.o)
    0x080000ec   0x00000004   Code   RO         1647    .ARM.Collect$$$$00000001  mc_w.l(entry2.o)
    0x080000f0   0x00000004   Code   RO         1650    .ARM.Collect$$$$00000004  mc_w.l(entry5.o)
    0x080000f4   0x00000000   Code   RO         1652    .ARM.Collect$$$$00000008  mc_w.l(entry7b.o)
    0x080000f4   0x00000000   Code   RO         1654    .ARM.Collect$$$$0000000A  mc_w.l(entry8b.o)
    0x080000f4   0x00000008   Code   RO         1655    .ARM.Collect$$$$0000000B  mc_w.l(entry9a.o)
    0x080000fc   0x00000000   Code   RO         1657    .ARM.Collect$$$$0000000D  mc_w.l(entry10a.o)
    0x080000fc   0x00000000   Code   RO         1659    .ARM.Collect$$$$0000000F  mc_w.l(entry11a.o)
    0x080000fc   0x00000004   Code   RO         1648    .ARM.Collect$$$$00002712  mc_w.l(entry2.o)
    0x08000100   0x0000008c   Code   RO         1274    .emb_text           port.o
    0x0800018c   0x00000120   Code   RO            3    .text               main.o
    0x080002ac   0x00000090   Code   RO          231    .text               stm32f10x_it.o
    0x0800033c   0x000001e0   Code   RO          266    .text               system_stm32f10x.o
    0x0800051c   0x00000174   Code   RO          359    .text               delay.o
    0x08000690   0x000003b8   Code   RO          386    .text               usart.o
    0x08000a48   0x00000264   Code   RO          455    .text               myinit.o
    0x08000cac   0x00000128   Code   RO          671    .text               dma.o
    0x08000dd4   0x000001bc   Code   RO          725    .text               can.o
    0x08000f90   0x000000dc   Code   RO          745    .text               misc.o
    0x0800106c   0x0000044e   Code   RO          765    .text               stm32f10x_adc.o
    0x080014ba   0x00000002   PAD
    0x080014bc   0x000009f0   Code   RO          805    .text               stm32f10x_can.o
    0x08001eac   0x00000254   Code   RO          905    .text               stm32f10x_dma.o
    0x08002100   0x0000011c   Code   RO          925    .text               stm32f10x_exti.o
    0x0800221c   0x0000035c   Code   RO          985    .text               stm32f10x_gpio.o
    0x08002578   0x000000cc   Code   RO         1045    .text               stm32f10x_pwr.o
    0x08002644   0x000003a4   Code   RO         1065    .text               stm32f10x_rcc.o
    0x080029e8   0x00000148   Code   RO         1087    .text               stm32f10x_rtc.o
    0x08002b30   0x00000408   Code   RO         1167    .text               stm32f10x_usart.o
    0x08002f38   0x00000024   Code   RO         1218    .text               startup_stm32f10x_md.o
    0x08002f5c   0x00000118   Code   RO         1241    .text               heap_2.o
    0x08003074   0x00000094   Code   RO         1262    .text               list.o
    0x08003108   0x000000b4   Code   RO         1275    .text               port.o
    0x080031bc   0x00000b10   Code   RO         1319    .text               tasks.o
    0x08003ccc   0x00000024   Code   RO         1346    .text               mc_w.l(memseta.o)
    0x08003cf0   0x00000024   Code   RO         1350    .text               mc_w.l(strstr.o)
    0x08003d14   0x00000018   Code   RO         1352    .text               mc_w.l(strncpy.o)
    0x08003d2c   0x0000014e   Code   RO         1625    .text               mf_w.l(dadd.o)
    0x08003e7a   0x000000e4   Code   RO         1627    .text               mf_w.l(dmul.o)
    0x08003f5e   0x000000de   Code   RO         1629    .text               mf_w.l(ddiv.o)
    0x0800403c   0x0000002c   Code   RO         1661    .text               mc_w.l(uidiv.o)
    0x08004068   0x00000062   Code   RO         1663    .text               mc_w.l(uldiv.o)
    0x080040ca   0x0000001e   Code   RO         1665    .text               mc_w.l(llshl.o)
    0x080040e8   0x00000020   Code   RO         1667    .text               mc_w.l(llushr.o)
    0x08004108   0x00000024   Code   RO         1669    .text               mc_w.l(llsshr.o)
    0x0800412c   0x00000000   Code   RO         1671    .text               mc_w.l(iusefp.o)
    0x0800412c   0x000000b6   Code   RO         1674    .text               mf_w.l(depilogue.o)
    0x080041e2   0x00000030   Code   RO         1676    .text               mf_w.l(dfixul.o)
    0x08004212   0x00000002   PAD
    0x08004214   0x00000028   Code   RO         1678    .text               mf_w.l(cdrcmple.o)
    0x0800423c   0x00000024   Code   RO         1680    .text               mc_w.l(init.o)
    0x08004260   0x00000020   Code   RO         1591    i.__0printf         mc_w.l(printfa.o)
    0x08004280   0x00000028   Code   RO         1593    i.__0sprintf        mc_w.l(printfa.o)
    0x080042a8   0x0000000e   Code   RO         1684    i.__scatterload_copy  mc_w.l(handlers.o)
    0x080042b6   0x00000002   Code   RO         1685    i.__scatterload_null  mc_w.l(handlers.o)
    0x080042b8   0x0000000e   Code   RO         1686    i.__scatterload_zeroinit  mc_w.l(handlers.o)
    0x080042c6   0x00000002   PAD
    0x080042c8   0x00000164   Code   RO         1598    i._fp_digits        mc_w.l(printfa.o)
    0x0800442c   0x000006dc   Code   RO         1599    i._printf_core      mc_w.l(printfa.o)
    0x08004b08   0x00000024   Code   RO         1600    i._printf_post_padding  mc_w.l(printfa.o)
    0x08004b2c   0x0000002e   Code   RO         1601    i._printf_pre_padding  mc_w.l(printfa.o)
    0x08004b5a   0x0000000a   Code   RO         1603    i._sputc            mc_w.l(printfa.o)
    0x08004b64   0x00000086   Data   RO            5    .conststring        main.o
    0x08004bea   0x00000002   PAD
    0x08004bec   0x00000020   Data   RO         1682    Region$$Table       anon$$obj.o


    Execution Region RW_IRAM1 (Base: 0x20000000, Size: 0x000045a0, Max: 0x00010000, ABSOLUTE)

    Base Addr    Size         Type   Attr      Idx    E Section Name        Object

    0x20000000   0x00000042   Data   RW            6    .data               main.o
    0x20000042   0x00000002   Data   RW          232    .data               stm32f10x_it.o
    0x20000044   0x00000014   Data   RW          267    .data               system_stm32f10x.o
    0x20000058   0x00000006   Data   RW          360    .data               delay.o
    0x2000005e   0x00000002   PAD
    0x20000060   0x00000007   Data   RW          388    .data               usart.o
    0x20000067   0x00000014   Data   RW         1066    .data               stm32f10x_rcc.o
    0x2000007b   0x00000001   PAD
    0x2000007c   0x00000018   Data   RW         1243    .data               heap_2.o
    0x20000094   0x00000004   Data   RW         1276    .data               port.o
    0x20000098   0x0000003c   Data   RW         1321    .data               tasks.o
    0x200000d4   0x00000004   PAD
    0x200000d8   0x00004000   Zero   RW         1242    .bss                heap_2.o
    0x200040d8   0x000000c8   Zero   RW         1320    .bss                tasks.o
    0x200041a0   0x00000400   Zero   RW         1215    STACK               startup_stm32f10x_md.o


==============================================================================

Image component sizes


      Code (inc. data)   RO Data    RW Data    ZI Data      Debug   Object Name

       444         20          0          0          0       2078   can.o
       372         30          0          6          0      23665   delay.o
       296         12          0          0          0       1896   dma.o
       280         22          0         24      16384       4696   heap_2.o
         0          0          0          0          0     222748   key.o
       148          0          0          0          0       1713   list.o
       288         96        134         66          0     255971   main.o
       220         22          0          0          0       1729   misc.o
       612         30          0          0          0       2954   myinit.o
       320         26          0          4          0       2349   port.o
        36          8        236          0       1024        752   startup_stm32f10x_md.o
      1102         26          0          0          0      10765   stm32f10x_adc.o
      2544         38          0          0          0       7784   stm32f10x_can.o
       596          8          0          0          0       4262   stm32f10x_dma.o
       284         10          0          0          0       2167   stm32f10x_exti.o
       860         38          0          0          0       5581   stm32f10x_gpio.o
       144          8          0          2          0       1758   stm32f10x_it.o
       204         14          0          0          0       1883   stm32f10x_pwr.o
       932         36          0         20          0       8724   stm32f10x_rcc.o
       328          4          0          0          0       2638   stm32f10x_rtc.o
      1032         22          0          0          0       8300   stm32f10x_usart.o
       480         38          0         20          0       1655   system_stm32f10x.o
      2832        196          0         60        200      12562   tasks.o
       952         30          0          7          0       5098   usart.o

    ----------------------------------------------------------------------
     15308        734        404        212      17612     593728   Object Totals
         0          0         32          0          0          0   (incl. Generated)
         2          0          2          3          4          0   (incl. Padding)

    ----------------------------------------------------------------------

      Code (inc. data)   RO Data    RW Data    ZI Data      Debug   Library Member Name

         0          0          0          0          0          0   entry.o
         0          0          0          0          0          0   entry10a.o
         0          0          0          0          0          0   entry11a.o
         8          4          0          0          0          0   entry2.o
         4          0          0          0          0          0   entry5.o
         0          0          0          0          0          0   entry7b.o
         0          0          0          0          0          0   entry8b.o
         8          4          0          0          0          0   entry9a.o
        30          0          0          0          0          0   handlers.o
        36          8          0          0          0         68   init.o
         0          0          0          0          0          0   iusefp.o
        30          0          0          0          0         68   llshl.o
        36          0          0          0          0         68   llsshr.o
        32          0          0          0          0         68   llushr.o
        36          0          0          0          0        108   memseta.o
      2276         96          0          0          0        596   printfa.o
        24          0          0          0          0         76   strncpy.o
        36          0          0          0          0         80   strstr.o
        44          0          0          0          0         80   uidiv.o
        98          0          0          0          0         92   uldiv.o
        40          2          0          0          0         68   cdrcmple.o
       334          0          0          0          0        148   dadd.o
       222          0          0          0          0        100   ddiv.o
       182          0          0          0          0        176   depilogue.o
        48          0          0          0          0         68   dfixul.o
       228          0          0          0          0         96   dmul.o

    ----------------------------------------------------------------------
      3756        114          0          0          0       1960   Library Totals
         4          0          0          0          0          0   (incl. Padding)

    ----------------------------------------------------------------------

      Code (inc. data)   RO Data    RW Data    ZI Data      Debug   Library Name

      2698        112          0          0          0       1304   mc_w.l
      1054          2          0          0          0        656   mf_w.l

    ----------------------------------------------------------------------
      3756        114          0          0          0       1960   Library Totals

    ----------------------------------------------------------------------

==============================================================================


      Code (inc. data)   RO Data    RW Data    ZI Data      Debug   

     19064        848        404        212      17612     591940   Grand Totals
     19064        848        404        212      17612     591940   ELF Image Totals
     19064        848        404        212          0          0   ROM Totals

==============================================================================

    Total RO  Size (Code + RO Data)                19468 (  19.01kB)
    Total RW  Size (RW Data + ZI Data)             17824 (  17.41kB)
    Total ROM Size (Code + RO Data + RW Data)      19680 (  19.22kB)

==============================================================================

